Archive member included to satisfy reference by file (symbol)

c:/st/stm32cubeide_1.10.1/stm32cubeide/plugins/com.st.stm32cube.ide.mcu.externaltools.gnu-tools-for-stm32.10.3-2021.10.win32_1.0.0.202111181127/tools/bin/../lib/gcc/arm-none-eabi/10.3.1/../../../../arm-none-eabi/lib/thumb/v7e-m+fp/hard\libc_nano.a(lib_a-errno.o)
                              ./Core/Src/syscalls.o (__errno)
c:/st/stm32cubeide_1.10.1/stm32cubeide/plugins/com.st.stm32cube.ide.mcu.externaltools.gnu-tools-for-stm32.10.3-2021.10.win32_1.0.0.202111181127/tools/bin/../lib/gcc/arm-none-eabi/10.3.1/../../../../arm-none-eabi/lib/thumb/v7e-m+fp/hard\libc_nano.a(lib_a-exit.o)
                              c:/st/stm32cubeide_1.10.1/stm32cubeide/plugins/com.st.stm32cube.ide.mcu.externaltools.gnu-tools-for-stm32.10.3-2021.10.win32_1.0.0.202111181127/tools/bin/../lib/gcc/arm-none-eabi/10.3.1/../../../../arm-none-eabi/lib/thumb/v7e-m+fp/hard/crt0.o (exit)
c:/st/stm32cubeide_1.10.1/stm32cubeide/plugins/com.st.stm32cube.ide.mcu.externaltools.gnu-tools-for-stm32.10.3-2021.10.win32_1.0.0.202111181127/tools/bin/../lib/gcc/arm-none-eabi/10.3.1/../../../../arm-none-eabi/lib/thumb/v7e-m+fp/hard\libc_nano.a(lib_a-impure.o)
                              c:/st/stm32cubeide_1.10.1/stm32cubeide/plugins/com.st.stm32cube.ide.mcu.externaltools.gnu-tools-for-stm32.10.3-2021.10.win32_1.0.0.202111181127/tools/bin/../lib/gcc/arm-none-eabi/10.3.1/../../../../arm-none-eabi/lib/thumb/v7e-m+fp/hard\libc_nano.a(lib_a-exit.o) (_global_impure_ptr)
c:/st/stm32cubeide_1.10.1/stm32cubeide/plugins/com.st.stm32cube.ide.mcu.externaltools.gnu-tools-for-stm32.10.3-2021.10.win32_1.0.0.202111181127/tools/bin/../lib/gcc/arm-none-eabi/10.3.1/../../../../arm-none-eabi/lib/thumb/v7e-m+fp/hard\libc_nano.a(lib_a-init.o)
                              c:/st/stm32cubeide_1.10.1/stm32cubeide/plugins/com.st.stm32cube.ide.mcu.externaltools.gnu-tools-for-stm32.10.3-2021.10.win32_1.0.0.202111181127/tools/bin/../lib/gcc/arm-none-eabi/10.3.1/../../../../arm-none-eabi/lib/thumb/v7e-m+fp/hard/crt0.o (__libc_init_array)
c:/st/stm32cubeide_1.10.1/stm32cubeide/plugins/com.st.stm32cube.ide.mcu.externaltools.gnu-tools-for-stm32.10.3-2021.10.win32_1.0.0.202111181127/tools/bin/../lib/gcc/arm-none-eabi/10.3.1/../../../../arm-none-eabi/lib/thumb/v7e-m+fp/hard\libc_nano.a(lib_a-memset.o)
                              c:/st/stm32cubeide_1.10.1/stm32cubeide/plugins/com.st.stm32cube.ide.mcu.externaltools.gnu-tools-for-stm32.10.3-2021.10.win32_1.0.0.202111181127/tools/bin/../lib/gcc/arm-none-eabi/10.3.1/../../../../arm-none-eabi/lib/thumb/v7e-m+fp/hard/crt0.o (memset)
c:/st/stm32cubeide_1.10.1/stm32cubeide/plugins/com.st.stm32cube.ide.mcu.externaltools.gnu-tools-for-stm32.10.3-2021.10.win32_1.0.0.202111181127/tools/bin/../lib/gcc/arm-none-eabi/10.3.1/thumb/v7e-m+fp/hard\libgcc.a(_aeabi_uldivmod.o)
                              ./Drivers/STM32F4xx_HAL_Driver/Src/stm32f4xx_hal_rcc.o (__aeabi_uldivmod)
c:/st/stm32cubeide_1.10.1/stm32cubeide/plugins/com.st.stm32cube.ide.mcu.externaltools.gnu-tools-for-stm32.10.3-2021.10.win32_1.0.0.202111181127/tools/bin/../lib/gcc/arm-none-eabi/10.3.1/thumb/v7e-m+fp/hard\libgcc.a(_udivmoddi4.o)
                              c:/st/stm32cubeide_1.10.1/stm32cubeide/plugins/com.st.stm32cube.ide.mcu.externaltools.gnu-tools-for-stm32.10.3-2021.10.win32_1.0.0.202111181127/tools/bin/../lib/gcc/arm-none-eabi/10.3.1/thumb/v7e-m+fp/hard\libgcc.a(_aeabi_uldivmod.o) (__udivmoddi4)
c:/st/stm32cubeide_1.10.1/stm32cubeide/plugins/com.st.stm32cube.ide.mcu.externaltools.gnu-tools-for-stm32.10.3-2021.10.win32_1.0.0.202111181127/tools/bin/../lib/gcc/arm-none-eabi/10.3.1/thumb/v7e-m+fp/hard\libgcc.a(_dvmd_tls.o)
                              c:/st/stm32cubeide_1.10.1/stm32cubeide/plugins/com.st.stm32cube.ide.mcu.externaltools.gnu-tools-for-stm32.10.3-2021.10.win32_1.0.0.202111181127/tools/bin/../lib/gcc/arm-none-eabi/10.3.1/thumb/v7e-m+fp/hard\libgcc.a(_aeabi_uldivmod.o) (__aeabi_ldiv0)

Discarded input sections

 .text          0x0000000000000000        0x0 c:/st/stm32cubeide_1.10.1/stm32cubeide/plugins/com.st.stm32cube.ide.mcu.externaltools.gnu-tools-for-stm32.10.3-2021.10.win32_1.0.0.202111181127/tools/bin/../lib/gcc/arm-none-eabi/10.3.1/thumb/v7e-m+fp/hard/crti.o
 .data          0x0000000000000000        0x0 c:/st/stm32cubeide_1.10.1/stm32cubeide/plugins/com.st.stm32cube.ide.mcu.externaltools.gnu-tools-for-stm32.10.3-2021.10.win32_1.0.0.202111181127/tools/bin/../lib/gcc/arm-none-eabi/10.3.1/thumb/v7e-m+fp/hard/crti.o
 .bss           0x0000000000000000        0x0 c:/st/stm32cubeide_1.10.1/stm32cubeide/plugins/com.st.stm32cube.ide.mcu.externaltools.gnu-tools-for-stm32.10.3-2021.10.win32_1.0.0.202111181127/tools/bin/../lib/gcc/arm-none-eabi/10.3.1/thumb/v7e-m+fp/hard/crti.o
[...]
Memory Configuration

Name             Origin             Length             Attributes
CCMRAM           0x0000000010000000 0x0000000000010000 xrw
RAM              0x0000000020000000 0x0000000000020000 xrw
FLASH            0x0000000008000000 0x0000000000100000 xr
*default*        0x0000000000000000 0xffffffffffffffff

Linker script and memory map

LOAD c:/st/stm32cubeide_1.10.1/stm32cubeide/plugins/com.st.stm32cube.ide.mcu.externaltools.gnu-tools-for-stm32.10.3-2021.10.win32_1.0.0.202111181127/tools/bin/../lib/gcc/arm-none-eabi/10.3.1/thumb/v7e-m+fp/hard/crti.o
LOAD c:/st/stm32cubeide_1.10.1/stm32cubeide/plugins/com.st.stm32cube.ide.mcu.externaltools.gnu-tools-for-stm32.10.3-2021.10.win32_1.0.0.202111181127/tools/bin/../lib/gcc/arm-none-eabi/10.3.1/thumb/v7e-m+fp/hard/crtbegin.o
LOAD c:/st/stm32cubeide_1.10.1/stm32cubeide/plugins/com.st.stm32cube.ide.mcu.externaltools.gnu-tools-for-stm32.10.3-2021.10.win32_1.0.0.202111181127/tools/bin/../lib/gcc/arm-none-eabi/10.3.1/../../../../arm-none-eabi/lib/thumb/v7e-m+fp/hard/crt0.o
LOAD ./Core/Inc/qstamp.o
LOAD ./Core/Src/actorA.o
LOAD ./Core/Src/bsp.o
LOAD ./Core/Src/main.o
LOAD ./Core/Src/stm32f4xx_hal_msp.o
LOAD ./Core/Src/stm32f4xx_it.o
LOAD ./Core/Src/syscalls.o
LOAD ./Core/Src/sysmem.o
LOAD ./Core/Src/system_stm32f4xx.o
LOAD ./Core/Src/util.o
LOAD ./Core/Src/qf/qep_hsm.o
LOAD ./Core/Src/qf/qep_msm.o
LOAD ./Core/Src/qf/qf_act.o
LOAD ./Core/Src/qf/qf_actq.o
LOAD ./Core/Src/qf/qf_defer.o
LOAD ./Core/Src/qf/qf_dyn.o
LOAD ./Core/Src/qf/qf_mem.o
LOAD ./Core/Src/qf/qf_ps.o
LOAD ./Core/Src/qf/qf_qact.o
LOAD ./Core/Src/qf/qf_qeq.o
LOAD ./Core/Src/qf/qf_qmact.o
LOAD ./Core/Src/qf/qf_time.o
LOAD ./Core/Src/qv/qv.o
LOAD ./Core/Startup/startup_stm32f407zgtx.o
LOAD ./Core/qv/gnu/qv_port.o
LOAD ./Drivers/STM32F4xx_HAL_Driver/Src/stm32f4xx_hal.o
LOAD ./Drivers/STM32F4xx_HAL_Driver/Src/stm32f4xx_hal_cortex.o
LOAD ./Drivers/STM32F4xx_HAL_Driver/Src/stm32f4xx_hal_dma.o
LOAD ./Drivers/STM32F4xx_HAL_Driver/Src/stm32f4xx_hal_dma_ex.o
LOAD ./Drivers/STM32F4xx_HAL_Driver/Src/stm32f4xx_hal_exti.o
LOAD ./Drivers/STM32F4xx_HAL_Driver/Src/stm32f4xx_hal_flash.o
LOAD ./Drivers/STM32F4xx_HAL_Driver/Src/stm32f4xx_hal_flash_ex.o
LOAD ./Drivers/STM32F4xx_HAL_Driver/Src/stm32f4xx_hal_flash_ramfunc.o
LOAD ./Drivers/STM32F4xx_HAL_Driver/Src/stm32f4xx_hal_gpio.o
LOAD ./Drivers/STM32F4xx_HAL_Driver/Src/stm32f4xx_hal_pwr.o
LOAD ./Drivers/STM32F4xx_HAL_Driver/Src/stm32f4xx_hal_pwr_ex.o
LOAD ./Drivers/STM32F4xx_HAL_Driver/Src/stm32f4xx_hal_rcc.o
LOAD ./Drivers/STM32F4xx_HAL_Driver/Src/stm32f4xx_hal_rcc_ex.o
LOAD ./Drivers/STM32F4xx_HAL_Driver/Src/stm32f4xx_hal_tim.o
LOAD ./Drivers/STM32F4xx_HAL_Driver/Src/stm32f4xx_hal_tim_ex.o
START GROUP
LOAD c:/st/stm32cubeide_1.10.1/stm32cubeide/plugins/com.st.stm32cube.ide.mcu.externaltools.gnu-tools-for-stm32.10.3-2021.10.win32_1.0.0.202111181127/tools/bin/../lib/gcc/arm-none-eabi/10.3.1/../../../../arm-none-eabi/lib/thumb/v7e-m+fp/hard\libc_nano.a
LOAD c:/st/stm32cubeide_1.10.1/stm32cubeide/plugins/com.st.stm32cube.ide.mcu.externaltools.gnu-tools-for-stm32.10.3-2021.10.win32_1.0.0.202111181127/tools/bin/../lib/gcc/arm-none-eabi/10.3.1/../../../../arm-none-eabi/lib/thumb/v7e-m+fp/hard\libm.a
END GROUP
START GROUP
LOAD c:/st/stm32cubeide_1.10.1/stm32cubeide/plugins/com.st.stm32cube.ide.mcu.externaltools.gnu-tools-for-stm32.10.3-2021.10.win32_1.0.0.202111181127/tools/bin/../lib/gcc/arm-none-eabi/10.3.1/thumb/v7e-m+fp/hard\libgcc.a
LOAD c:/st/stm32cubeide_1.10.1/stm32cubeide/plugins/com.st.stm32cube.ide.mcu.externaltools.gnu-tools-for-stm32.10.3-2021.10.win32_1.0.0.202111181127/tools/bin/../lib/gcc/arm-none-eabi/10.3.1/../../../../arm-none-eabi/lib/thumb/v7e-m+fp/hard\libc_nano.a
END GROUP
START GROUP
LOAD c:/st/stm32cubeide_1.10.1/stm32cubeide/plugins/com.st.stm32cube.ide.mcu.externaltools.gnu-tools-for-stm32.10.3-2021.10.win32_1.0.0.202111181127/tools/bin/../lib/gcc/arm-none-eabi/10.3.1/thumb/v7e-m+fp/hard\libgcc.a
LOAD c:/st/stm32cubeide_1.10.1/stm32cubeide/plugins/com.st.stm32cube.ide.mcu.externaltools.gnu-tools-for-stm32.10.3-2021.10.win32_1.0.0.202111181127/tools/bin/../lib/gcc/arm-none-eabi/10.3.1/../../../../arm-none-eabi/lib/thumb/v7e-m+fp/hard\libc_nano.a
LOAD c:/st/stm32cubeide_1.10.1/stm32cubeide/plugins/com.st.stm32cube.ide.mcu.externaltools.gnu-tools-for-stm32.10.3-2021.10.win32_1.0.0.202111181127/tools/bin/../lib/gcc/arm-none-eabi/10.3.1/../../../../arm-none-eabi/lib/thumb/v7e-m+fp/hard\libnosys.a
END GROUP
START GROUP
LOAD c:/st/stm32cubeide_1.10.1/stm32cubeide/plugins/com.st.stm32cube.ide.mcu.externaltools.gnu-tools-for-stm32.10.3-2021.10.win32_1.0.0.202111181127/tools/bin/../lib/gcc/arm-none-eabi/10.3.1/thumb/v7e-m+fp/hard\libgcc.a
LOAD c:/st/stm32cubeide_1.10.1/stm32cubeide/plugins/com.st.stm32cube.ide.mcu.externaltools.gnu-tools-for-stm32.10.3-2021.10.win32_1.0.0.202111181127/tools/bin/../lib/gcc/arm-none-eabi/10.3.1/../../../../arm-none-eabi/lib/thumb/v7e-m+fp/hard\libc_nano.a
LOAD c:/st/stm32cubeide_1.10.1/stm32cubeide/plugins/com.st.stm32cube.ide.mcu.externaltools.gnu-tools-for-stm32.10.3-2021.10.win32_1.0.0.202111181127/tools/bin/../lib/gcc/arm-none-eabi/10.3.1/../../../../arm-none-eabi/lib/thumb/v7e-m+fp/hard\libnosys.a
END GROUP
LOAD c:/st/stm32cubeide_1.10.1/stm32cubeide/plugins/com.st.stm32cube.ide.mcu.externaltools.gnu-tools-for-stm32.10.3-2021.10.win32_1.0.0.202111181127/tools/bin/../lib/gcc/arm-none-eabi/10.3.1/thumb/v7e-m+fp/hard/crtend.o
LOAD c:/st/stm32cubeide_1.10.1/stm32cubeide/plugins/com.st.stm32cube.ide.mcu.externaltools.gnu-tools-for-stm32.10.3-2021.10.win32_1.0.0.202111181127/tools/bin/../lib/gcc/arm-none-eabi/10.3.1/thumb/v7e-m+fp/hard/crtn.o
                0x0000000020020000                _estack = (ORIGIN (RAM) + LENGTH (RAM))
                0x0000000000000200                _Min_Heap_Size = 0x200
                0x0000000000000400                _Min_Stack_Size = 0x400

.isr_vector     0x0000000008000000      0x188
                0x0000000008000000                . = ALIGN (0x4)
 *(.isr_vector)
 .isr_vector    0x0000000008000000      0x188 ./Core/Startup/startup_stm32f407zgtx.o
                0x0000000008000000                g_pfnVectors
                0x0000000008000188                . = ALIGN (0x4)

.text           0x0000000008000188     0x340c
                0x0000000008000188                . = ALIGN (0x4)
 *(.text)
 .text          0x0000000008000188       0x40 c:/st/stm32cubeide_1.10.1/stm32cubeide/plugins/com.st.stm32cube.ide.mcu.externaltools.gnu-tools-for-stm32.10.3-2021.10.win32_1.0.0.202111181127/tools/bin/../lib/gcc/arm-none-eabi/10.3.1/thumb/v7e-m+fp/hard/crtbegin.o
 .text          0x00000000080001c8       0x30 c:/st/stm32cubeide_1.10.1/stm32cubeide/plugins/com.st.stm32cube.ide.mcu.externaltools.gnu-tools-for-stm32.10.3-2021.10.win32_1.0.0.202111181127/tools/bin/../lib/gcc/arm-none-eabi/10.3.1/thumb/v7e-m+fp/hard\libgcc.a(_aeabi_uldivmod.o)
                0x00000000080001c8                __aeabi_uldivmod
 .text          0x00000000080001f8      0x2d0 c:/st/stm32cubeide_1.10.1/stm32cubeide/plugins/com.st.stm32cube.ide.mcu.externaltools.gnu-tools-for-stm32.10.3-2021.10.win32_1.0.0.202111181127/tools/bin/../lib/gcc/arm-none-eabi/10.3.1/thumb/v7e-m+fp/hard\libgcc.a(_udivmoddi4.o)
                0x00000000080001f8                __udivmoddi4
 .text          0x00000000080004c8        0x4 c:/st/stm32cubeide_1.10.1/stm32cubeide/plugins/com.st.stm32cube.ide.mcu.externaltools.gnu-tools-for-stm32.10.3-2021.10.win32_1.0.0.202111181127/tools/bin/../lib/gcc/arm-none-eabi/10.3.1/thumb/v7e-m+fp/hard\libgcc.a(_dvmd_tls.o)
                0x00000000080004c8                __aeabi_idiv0
                0x00000000080004c8                __aeabi_ldiv0
 *(.text*)
 .text.actorA_ctor
                0x00000000080004cc       0x34 ./Core/Src/actorA.o
                0x00000000080004cc                actorA_ctor
 .text.actorA_initial
                0x0000000008000500       0x38 ./Core/Src/actorA.o
 .text.actorA_S00
                0x0000000008000538       0x74 ./Core/Src/actorA.o
 .text.QF_onStartup
                0x00000000080005ac        0xe ./Core/Src/bsp.o
                0x00000000080005ac                QF_onStartup
 .text.QV_onIdle
                0x00000000080005ba       0x14 ./Core/Src/bsp.o
                0x00000000080005ba                QV_onIdle
 .text.Q_onAssert
                0x00000000080005ce       0x16 ./Core/Src/bsp.o
                0x00000000080005ce                Q_onAssert
 .text.main     0x00000000080005e4       0x7c ./Core/Src/main.o
                0x00000000080005e4                main
 .text.SystemClock_Config
                0x0000000008000660       0xbc ./Core/Src/main.o
                0x0000000008000660                SystemClock_Config
 .text.MX_TIM4_Init
                0x000000000800071c       0xb4 ./Core/Src/main.o
 .text.MX_GPIO_Init
                0x00000000080007d0      0x120 ./Core/Src/main.o
 .text.Error_Handler
                0x00000000080008f0        0xa ./Core/Src/main.o
                0x00000000080008f0                Error_Handler
 *fill*         0x00000000080008fa        0x2 
 .text.HAL_MspInit
                0x00000000080008fc       0x50 ./Core/Src/stm32f4xx_hal_msp.o
                0x00000000080008fc                HAL_MspInit
 .text.HAL_TIM_PWM_MspInit
                0x000000000800094c       0x44 ./Core/Src/stm32f4xx_hal_msp.o
                0x000000000800094c                HAL_TIM_PWM_MspInit
 .text.HAL_TIM_MspPostInit
                0x0000000008000990       0x74 ./Core/Src/stm32f4xx_hal_msp.o
                0x0000000008000990                HAL_TIM_MspPostInit
 .text.NMI_Handler
                0x0000000008000a04        0x6 ./Core/Src/stm32f4xx_it.o
                0x0000000008000a04                NMI_Handler
 .text.HardFault_Handler
                0x0000000008000a0a        0x6 ./Core/Src/stm32f4xx_it.o
                0x0000000008000a0a                HardFault_Handler
 .text.MemManage_Handler
                0x0000000008000a10        0x6 ./Core/Src/stm32f4xx_it.o
                0x0000000008000a10                MemManage_Handler
 .text.BusFault_Handler
                0x0000000008000a16        0x6 ./Core/Src/stm32f4xx_it.o
                0x0000000008000a16                BusFault_Handler
 .text.UsageFault_Handler
                0x0000000008000a1c        0x6 ./Core/Src/stm32f4xx_it.o
                0x0000000008000a1c                UsageFault_Handler
 .text.SVC_Handler
                0x0000000008000a22        0xe ./Core/Src/stm32f4xx_it.o
                0x0000000008000a22                SVC_Handler
 .text.DebugMon_Handler
                0x0000000008000a30        0xe ./Core/Src/stm32f4xx_it.o
                0x0000000008000a30                DebugMon_Handler
 .text.PendSV_Handler
                0x0000000008000a3e        0xe ./Core/Src/stm32f4xx_it.o
                0x0000000008000a3e                PendSV_Handler
 .text.SysTick_Handler
                0x0000000008000a4c       0x14 ./Core/Src/stm32f4xx_it.o
                0x0000000008000a4c                SysTick_Handler
 .text.SystemInit
                0x0000000008000a60       0x24 ./Core/Src/system_stm32f4xx.o
                0x0000000008000a60                SystemInit
 .text.Digit_Number
                0x0000000008000a84       0x7c ./Core/Src/util.o
                0x0000000008000a84                Digit_Number
 .text.Digit_Update
                0x0000000008000b00       0x94 ./Core/Src/util.o
 .text.Buzz_On  0x0000000008000b94       0x14 ./Core/Src/util.o
                0x0000000008000b94                Buzz_On
 .text.Buzz_Off
                0x0000000008000ba8       0x14 ./Core/Src/util.o
                0x0000000008000ba8                Buzz_Off
 .text.QHsm_ctor
                0x0000000008000bbc       0x30 ./Core/Src/qf/qep_hsm.o
                0x0000000008000bbc                QHsm_ctor
 .text.QHsm_top
                0x0000000008000bec       0x18 ./Core/Src/qf/qep_hsm.o
                0x0000000008000bec                QHsm_top
 .text.QHsm_init_
                0x0000000008000c04      0x108 ./Core/Src/qf/qep_hsm.o
                0x0000000008000c04                QHsm_init_
 .text.QHsm_dispatch_
                0x0000000008000d0c      0x184 ./Core/Src/qf/qep_hsm.o
                0x0000000008000d0c                QHsm_dispatch_
 .text.QHsm_tran_
                0x0000000008000e90      0x1c8 ./Core/Src/qf/qep_hsm.o
                0x0000000008000e90                QHsm_tran_
 .text.QPSet_insert
                0x0000000008001058       0x2a ./Core/Src/qf/qf_actq.o
 *fill*         0x0000000008001082        0x2 
 .text.QActive_post_
                0x0000000008001084      0x114 ./Core/Src/qf/qf_actq.o
                0x0000000008001084                QActive_post_
 .text.QActive_postLIFO_
                0x0000000008001198       0xcc ./Core/Src/qf/qf_actq.o
                0x0000000008001198                QActive_postLIFO_
 .text.QActive_get_
                0x0000000008001264       0xb0 ./Core/Src/qf/qf_actq.o
                0x0000000008001264                QActive_get_
 .text.QF_poolInit
                0x0000000008001314       0x84 ./Core/Src/qf/qf_dyn.o
                0x0000000008001314                QF_poolInit
 .text.QF_gc    0x0000000008001398       0x88 ./Core/Src/qf/qf_dyn.o
                0x0000000008001398                QF_gc
 .text.QMPool_init
                0x0000000008001420       0xe4 ./Core/Src/qf/qf_mem.o
                0x0000000008001420                QMPool_init
 .text.QMPool_put
                0x0000000008001504       0x70 ./Core/Src/qf/qf_mem.o
                0x0000000008001504                QMPool_put
 .text.QF_bzero
                0x0000000008001574       0x3a ./Core/Src/qf/qf_qact.o
                0x0000000008001574                QF_bzero
 *fill*         0x00000000080015ae        0x2 
 .text.QActive_ctor
                0x00000000080015b0       0x30 ./Core/Src/qf/qf_qact.o
                0x00000000080015b0                QActive_ctor
 .text.QActive_register_
                0x00000000080015e0      0x104 ./Core/Src/qf/qf_qact.o
                0x00000000080015e0                QActive_register_
 .text.QEQueue_init
                0x00000000080016e4       0x54 ./Core/Src/qf/qf_qeq.o
                0x00000000080016e4                QEQueue_init
 .text.QTimeEvt_ctorX
                0x0000000008001738       0x60 ./Core/Src/qf/qf_time.o
                0x0000000008001738                QTimeEvt_ctorX
 .text.QTimeEvt_armX
                0x0000000008001798       0xbc ./Core/Src/qf/qf_time.o
                0x0000000008001798                QTimeEvt_armX
 .text.QTimeEvt_tick_
                0x0000000008001854      0x148 ./Core/Src/qf/qf_time.o
                0x0000000008001854                QTimeEvt_tick_
 .text.QPSet_notEmpty
                0x000000000800199c       0x22 ./Core/Src/qv/qv.o
 .text.QPSet_remove
                0x00000000080019be       0x2c ./Core/Src/qv/qv.o
 .text.QPSet_findMax
                0x00000000080019ea       0x20 ./Core/Src/qv/qv.o
 *fill*         0x0000000008001a0a        0x2 
 .text.QF_init  0x0000000008001a0c       0x3c ./Core/Src/qv/qv.o
                0x0000000008001a0c                QF_init
 .text.QF_run   0x0000000008001a48       0x88 ./Core/Src/qv/qv.o
                0x0000000008001a48                QF_run
 .text.QActive_start_
                0x0000000008001ad0       0x74 ./Core/Src/qv/qv.o
                0x0000000008001ad0                QActive_start_
 .text.Reset_Handler
                0x0000000008001b44       0x50 ./Core/Startup/startup_stm32f407zgtx.o
                0x0000000008001b44                Reset_Handler
 .text.Default_Handler
                0x0000000008001b94        0x2 ./Core/Startup/startup_stm32f407zgtx.o
                0x0000000008001b94                RTC_Alarm_IRQHandler
                0x0000000008001b94                HASH_RNG_IRQHandler
                0x0000000008001b94                EXTI2_IRQHandler
                0x0000000008001b94                TIM8_CC_IRQHandler
                0x0000000008001b94                TIM1_CC_IRQHandler
                0x0000000008001b94                DMA2_Stream5_IRQHandler
                0x0000000008001b94                DMA1_Stream5_IRQHandler
                0x0000000008001b94                PVD_IRQHandler
                0x0000000008001b94                SDIO_IRQHandler
                0x0000000008001b94                TAMP_STAMP_IRQHandler
                0x0000000008001b94                CAN2_RX1_IRQHandler
                0x0000000008001b94                EXTI3_IRQHandler
                0x0000000008001b94                TIM8_TRG_COM_TIM14_IRQHandler
                0x0000000008001b94                TIM1_UP_TIM10_IRQHandler
                0x0000000008001b94                TIM8_UP_TIM13_IRQHandler
                0x0000000008001b94                I2C3_ER_IRQHandler
                0x0000000008001b94                EXTI0_IRQHandler
                0x0000000008001b94                I2C2_EV_IRQHandler
                0x0000000008001b94                DMA1_Stream2_IRQHandler
                0x0000000008001b94                CAN1_RX0_IRQHandler
                0x0000000008001b94                FPU_IRQHandler
                0x0000000008001b94                OTG_HS_WKUP_IRQHandler
                0x0000000008001b94                CAN2_SCE_IRQHandler
                0x0000000008001b94                DMA2_Stream2_IRQHandler
                0x0000000008001b94                SPI1_IRQHandler
                0x0000000008001b94                TIM6_DAC_IRQHandler
                0x0000000008001b94                TIM1_BRK_TIM9_IRQHandler
                0x0000000008001b94                DCMI_IRQHandler
                0x0000000008001b94                CAN2_RX0_IRQHandler
                0x0000000008001b94                DMA2_Stream3_IRQHandler
                0x0000000008001b94                USART6_IRQHandler
                0x0000000008001b94                USART3_IRQHandler
                0x0000000008001b94                CAN1_RX1_IRQHandler
                0x0000000008001b94                UART5_IRQHandler
                0x0000000008001b94                DMA2_Stream0_IRQHandler
                0x0000000008001b94                TIM4_IRQHandler
                0x0000000008001b94                I2C1_EV_IRQHandler
                0x0000000008001b94                DMA1_Stream6_IRQHandler
                0x0000000008001b94                DMA1_Stream1_IRQHandler
                0x0000000008001b94                UART4_IRQHandler
                0x0000000008001b94                TIM3_IRQHandler
                0x0000000008001b94                RCC_IRQHandler
                0x0000000008001b94                TIM8_BRK_TIM12_IRQHandler
                0x0000000008001b94                Default_Handler
                0x0000000008001b94                EXTI15_10_IRQHandler
                0x0000000008001b94                ADC_IRQHandler
                0x0000000008001b94                DMA1_Stream7_IRQHandler
                0x0000000008001b94                TIM7_IRQHandler
                0x0000000008001b94                CAN2_TX_IRQHandler
                0x0000000008001b94                TIM5_IRQHandler
                0x0000000008001b94                DMA2_Stream7_IRQHandler
                0x0000000008001b94                I2C3_EV_IRQHandler
                0x0000000008001b94                EXTI9_5_IRQHandler
                0x0000000008001b94                RTC_WKUP_IRQHandler
                0x0000000008001b94                ETH_WKUP_IRQHandler
                0x0000000008001b94                SPI2_IRQHandler
                0x0000000008001b94                OTG_HS_EP1_IN_IRQHandler
                0x0000000008001b94                DMA1_Stream0_IRQHandler
                0x0000000008001b94                CAN1_TX_IRQHandler
                0x0000000008001b94                EXTI4_IRQHandler
                0x0000000008001b94                FSMC_IRQHandler
                0x0000000008001b94                ETH_IRQHandler
                0x0000000008001b94                OTG_HS_EP1_OUT_IRQHandler
                0x0000000008001b94                WWDG_IRQHandler
                0x0000000008001b94                TIM2_IRQHandler
                0x0000000008001b94                OTG_FS_WKUP_IRQHandler
                0x0000000008001b94                TIM1_TRG_COM_TIM11_IRQHandler
                0x0000000008001b94                OTG_HS_IRQHandler
                0x0000000008001b94                EXTI1_IRQHandler
                0x0000000008001b94                USART2_IRQHandler
                0x0000000008001b94                I2C2_ER_IRQHandler
                0x0000000008001b94                DMA2_Stream1_IRQHandler
                0x0000000008001b94                CAN1_SCE_IRQHandler
                0x0000000008001b94                FLASH_IRQHandler
                0x0000000008001b94                DMA2_Stream4_IRQHandler
                0x0000000008001b94                USART1_IRQHandler
                0x0000000008001b94                OTG_FS_IRQHandler
                0x0000000008001b94                SPI3_IRQHandler
                0x0000000008001b94                DMA1_Stream4_IRQHandler
                0x0000000008001b94                I2C1_ER_IRQHandler
                0x0000000008001b94                DMA2_Stream6_IRQHandler
                0x0000000008001b94                DMA1_Stream3_IRQHandler
 *fill*         0x0000000008001b96        0x2 
 .text.QV_init  0x0000000008001b98       0x7c ./Core/qv/gnu/qv_port.o
                0x0000000008001b98                QV_init
 .text.HAL_Init
                0x0000000008001c14       0x44 ./Drivers/STM32F4xx_HAL_Driver/Src/stm32f4xx_hal.o
                0x0000000008001c14                HAL_Init
 .text.HAL_InitTick
                0x0000000008001c58       0x60 ./Drivers/STM32F4xx_HAL_Driver/Src/stm32f4xx_hal.o
                0x0000000008001c58                HAL_InitTick
 .text.HAL_IncTick
                0x0000000008001cb8       0x28 ./Drivers/STM32F4xx_HAL_Driver/Src/stm32f4xx_hal.o
                0x0000000008001cb8                HAL_IncTick
 .text.HAL_GetTick
                0x0000000008001ce0       0x18 ./Drivers/STM32F4xx_HAL_Driver/Src/stm32f4xx_hal.o
                0x0000000008001ce0                HAL_GetTick
 .text.__NVIC_SetPriorityGrouping
                0x0000000008001cf8       0x48 ./Drivers/STM32F4xx_HAL_Driver/Src/stm32f4xx_hal_cortex.o
 .text.__NVIC_GetPriorityGrouping
                0x0000000008001d40       0x1c ./Drivers/STM32F4xx_HAL_Driver/Src/stm32f4xx_hal_cortex.o
 .text.__NVIC_SetPriority
                0x0000000008001d5c       0x54 ./Drivers/STM32F4xx_HAL_Driver/Src/stm32f4xx_hal_cortex.o
 .text.NVIC_EncodePriority
                0x0000000008001db0       0x66 ./Drivers/STM32F4xx_HAL_Driver/Src/stm32f4xx_hal_cortex.o
 *fill*         0x0000000008001e16        0x2 
 .text.SysTick_Config
                0x0000000008001e18       0x44 ./Drivers/STM32F4xx_HAL_Driver/Src/stm32f4xx_hal_cortex.o
 .text.HAL_NVIC_SetPriorityGrouping
                0x0000000008001e5c       0x16 ./Drivers/STM32F4xx_HAL_Driver/Src/stm32f4xx_hal_cortex.o
                0x0000000008001e5c                HAL_NVIC_SetPriorityGrouping
 .text.HAL_NVIC_SetPriority
                0x0000000008001e72       0x38 ./Drivers/STM32F4xx_HAL_Driver/Src/stm32f4xx_hal_cortex.o
                0x0000000008001e72                HAL_NVIC_SetPriority
 .text.HAL_SYSTICK_Config
                0x0000000008001eaa       0x18 ./Drivers/STM32F4xx_HAL_Driver/Src/stm32f4xx_hal_cortex.o
                0x0000000008001eaa                HAL_SYSTICK_Config
 *fill*         0x0000000008001ec2        0x2 
 .text.HAL_GPIO_Init
                0x0000000008001ec4      0x338 ./Drivers/STM32F4xx_HAL_Driver/Src/stm32f4xx_hal_gpio.o
                0x0000000008001ec4                HAL_GPIO_Init
 .text.HAL_GPIO_WritePin
                0x00000000080021fc       0x32 ./Drivers/STM32F4xx_HAL_Driver/Src/stm32f4xx_hal_gpio.o
                0x00000000080021fc                HAL_GPIO_WritePin
 .text.HAL_GPIO_TogglePin
                0x000000000800222e       0x34 ./Drivers/STM32F4xx_HAL_Driver/Src/stm32f4xx_hal_gpio.o
                0x000000000800222e                HAL_GPIO_TogglePin
 *fill*         0x0000000008002262        0x2 
 .text.HAL_RCC_OscConfig
                0x0000000008002264      0x4f0 ./Drivers/STM32F4xx_HAL_Driver/Src/stm32f4xx_hal_rcc.o
                0x0000000008002264                HAL_RCC_OscConfig
 .text.HAL_RCC_ClockConfig
                0x0000000008002754      0x1cc ./Drivers/STM32F4xx_HAL_Driver/Src/stm32f4xx_hal_rcc.o
                0x0000000008002754                HAL_RCC_ClockConfig
 .text.HAL_RCC_GetSysClockFreq
                0x0000000008002920      0x18c ./Drivers/STM32F4xx_HAL_Driver/Src/stm32f4xx_hal_rcc.o
                0x0000000008002920                HAL_RCC_GetSysClockFreq
 .text.HAL_TIM_PWM_Init
                0x0000000008002aac       0x9e ./Drivers/STM32F4xx_HAL_Driver/Src/stm32f4xx_hal_tim.o
                0x0000000008002aac                HAL_TIM_PWM_Init
 *fill*         0x0000000008002b4a        0x2 
 .text.HAL_TIM_PWM_Start
                0x0000000008002b4c      0x190 ./Drivers/STM32F4xx_HAL_Driver/Src/stm32f4xx_hal_tim.o
                0x0000000008002b4c                HAL_TIM_PWM_Start
 .text.HAL_TIM_PWM_Stop
                0x0000000008002cdc       0xe0 ./Drivers/STM32F4xx_HAL_Driver/Src/stm32f4xx_hal_tim.o
                0x0000000008002cdc                HAL_TIM_PWM_Stop
 .text.HAL_TIM_PWM_ConfigChannel
                0x0000000008002dbc      0x184 ./Drivers/STM32F4xx_HAL_Driver/Src/stm32f4xx_hal_tim.o
                0x0000000008002dbc                HAL_TIM_PWM_ConfigChannel
 .text.TIM_Base_SetConfig
                0x0000000008002f40      0x140 ./Drivers/STM32F4xx_HAL_Driver/Src/stm32f4xx_hal_tim.o
                0x0000000008002f40                TIM_Base_SetConfig
 .text.TIM_OC1_SetConfig
                0x0000000008003080       0xe0 ./Drivers/STM32F4xx_HAL_Driver/Src/stm32f4xx_hal_tim.o
 .text.TIM_OC2_SetConfig
                0x0000000008003160       0xec ./Drivers/STM32F4xx_HAL_Driver/Src/stm32f4xx_hal_tim.o
                0x0000000008003160                TIM_OC2_SetConfig
 .text.TIM_OC3_SetConfig
                0x000000000800324c       0xe8 ./Drivers/STM32F4xx_HAL_Driver/Src/stm32f4xx_hal_tim.o
 .text.TIM_OC4_SetConfig
                0x0000000008003334       0xac ./Drivers/STM32F4xx_HAL_Driver/Src/stm32f4xx_hal_tim.o
 .text.TIM_CCxChannelCmd
                0x00000000080033e0       0x4a ./Drivers/STM32F4xx_HAL_Driver/Src/stm32f4xx_hal_tim.o
                0x00000000080033e0                TIM_CCxChannelCmd
 *fill*         0x000000000800342a        0x2 
 .text.HAL_TIMEx_MasterConfigSynchronization
                0x000000000800342c       0xf8 ./Drivers/STM32F4xx_HAL_Driver/Src/stm32f4xx_hal_tim_ex.o
                0x000000000800342c                HAL_TIMEx_MasterConfigSynchronization
 .text.__libc_init_array
                0x0000000008003524       0x48 c:/st/stm32cubeide_1.10.1/stm32cubeide/plugins/com.st.stm32cube.ide.mcu.externaltools.gnu-tools-for-stm32.10.3-2021.10.win32_1.0.0.202111181127/tools/bin/../lib/gcc/arm-none-eabi/10.3.1/../../../../arm-none-eabi/lib/thumb/v7e-m+fp/hard\libc_nano.a(lib_a-init.o)
                0x0000000008003524                __libc_init_array
 .text.memset   0x000000000800356c       0x10 c:/st/stm32cubeide_1.10.1/stm32cubeide/plugins/com.st.stm32cube.ide.mcu.externaltools.gnu-tools-for-stm32.10.3-2021.10.win32_1.0.0.202111181127/tools/bin/../lib/gcc/arm-none-eabi/10.3.1/../../../../arm-none-eabi/lib/thumb/v7e-m+fp/hard\libc_nano.a(lib_a-memset.o)
                0x000000000800356c                memset
 *(.glue_7)
 .glue_7        0x000000000800357c        0x0 linker stubs
 *(.glue_7t)
 .glue_7t       0x000000000800357c        0x0 linker stubs
 *(.eh_frame)
 .eh_frame      0x000000000800357c        0x0 c:/st/stm32cubeide_1.10.1/stm32cubeide/plugins/com.st.stm32cube.ide.mcu.externaltools.gnu-tools-for-stm32.10.3-2021.10.win32_1.0.0.202111181127/tools/bin/../lib/gcc/arm-none-eabi/10.3.1/thumb/v7e-m+fp/hard/crtbegin.o
 *(.init)
 .init          0x000000000800357c        0x4 c:/st/stm32cubeide_1.10.1/stm32cubeide/plugins/com.st.stm32cube.ide.mcu.externaltools.gnu-tools-for-stm32.10.3-2021.10.win32_1.0.0.202111181127/tools/bin/../lib/gcc/arm-none-eabi/10.3.1/thumb/v7e-m+fp/hard/crti.o
                0x000000000800357c                _init
 .init          0x0000000008003580        0x8 c:/st/stm32cubeide_1.10.1/stm32cubeide/plugins/com.st.stm32cube.ide.mcu.externaltools.gnu-tools-for-stm32.10.3-2021.10.win32_1.0.0.202111181127/tools/bin/../lib/gcc/arm-none-eabi/10.3.1/thumb/v7e-m+fp/hard/crtn.o
 *(.fini)
 .fini          0x0000000008003588        0x4 c:/st/stm32cubeide_1.10.1/stm32cubeide/plugins/com.st.stm32cube.ide.mcu.externaltools.gnu-tools-for-stm32.10.3-2021.10.win32_1.0.0.202111181127/tools/bin/../lib/gcc/arm-none-eabi/10.3.1/thumb/v7e-m+fp/hard/crti.o
                0x0000000008003588                _fini
 .fini          0x000000000800358c        0x8 c:/st/stm32cubeide_1.10.1/stm32cubeide/plugins/com.st.stm32cube.ide.mcu.externaltools.gnu-tools-for-stm32.10.3-2021.10.win32_1.0.0.202111181127/tools/bin/../lib/gcc/arm-none-eabi/10.3.1/thumb/v7e-m+fp/hard/crtn.o
                0x0000000008003594                . = ALIGN (0x4)
                0x0000000008003594                _etext = .

.vfp11_veneer   0x0000000008003594        0x0
 .vfp11_veneer  0x0000000008003594        0x0 linker stubs

.v4_bx          0x0000000008003594        0x0
 .v4_bx         0x0000000008003594        0x0 linker stubs

.iplt           0x0000000008003594        0x0
 .iplt          0x0000000008003594        0x0 c:/st/stm32cubeide_1.10.1/stm32cubeide/plugins/com.st.stm32cube.ide.mcu.externaltools.gnu-tools-for-stm32.10.3-2021.10.win32_1.0.0.202111181127/tools/bin/../lib/gcc/arm-none-eabi/10.3.1/thumb/v7e-m+fp/hard/crtbegin.o

.rodata         0x0000000008003594       0x94
                0x0000000008003594                . = ALIGN (0x4)
 *(.rodata)
 *(.rodata*)
 .rodata.AO_actorA
                0x0000000008003594        0x4 ./Core/Src/actorA.o
                0x0000000008003594                AO_actorA
 .rodata.Q_this_module_
                0x0000000008003598       0x13 ./Core/Src/main.o
 *fill*         0x00000000080035ab        0x1 
 .rodata.AHBPrescTable
                0x00000000080035ac       0x10 ./Core/Src/system_stm32f4xx.o
                0x00000000080035ac                AHBPrescTable
 .rodata.digits
                0x00000000080035bc        0xa ./Core/Src/util.o
 *fill*         0x00000000080035c6        0x2 
 .rodata.Q_this_module_
                0x00000000080035c8        0x8 ./Core/Src/qf/qep_hsm.o
 .rodata.QEP_reservedEvt_
                0x00000000080035d0       0x10 ./Core/Src/qf/qep_hsm.o
 .rodata.vtable.0
                0x00000000080035e0        0x8 ./Core/Src/qf/qep_hsm.o
 .rodata.Q_this_module_
                0x00000000080035e8        0x8 ./Core/Src/qf/qf_actq.o
 .rodata.Q_this_module_
                0x00000000080035f0        0x7 ./Core/Src/qf/qf_dyn.o
 *fill*         0x00000000080035f7        0x1 
 .rodata.Q_this_module_
                0x00000000080035f8        0x7 ./Core/Src/qf/qf_mem.o
 *fill*         0x00000000080035ff        0x1 
 .rodata.Q_this_module_
                0x0000000008003600        0x8 ./Core/Src/qf/qf_qact.o
 .rodata.vtable.0
                0x0000000008003608       0x14 ./Core/Src/qf/qf_qact.o
 .rodata.Q_this_module_
                0x000000000800361c        0x8 ./Core/Src/qf/qf_time.o
 .rodata.Q_this_module_
                0x0000000008003624        0x3 ./Core/Src/qv/qv.o
                0x0000000008003628                . = ALIGN (0x4)
 *fill*         0x0000000008003627        0x1 

.ARM.extab      0x0000000008003628        0x0
                0x0000000008003628                . = ALIGN (0x4)
 *(.ARM.extab* .gnu.linkonce.armextab.*)
                0x0000000008003628                . = ALIGN (0x4)

.ARM            0x0000000008003628        0x8
                0x0000000008003628                . = ALIGN (0x4)
                0x0000000008003628                __exidx_start = .
 *(.ARM.exidx*)
 .ARM.exidx     0x0000000008003628        0x8 c:/st/stm32cubeide_1.10.1/stm32cubeide/plugins/com.st.stm32cube.ide.mcu.externaltools.gnu-tools-for-stm32.10.3-2021.10.win32_1.0.0.202111181127/tools/bin/../lib/gcc/arm-none-eabi/10.3.1/thumb/v7e-m+fp/hard\libgcc.a(_udivmoddi4.o)
                0x0000000008003630                __exidx_end = .
                0x0000000008003630                . = ALIGN (0x4)

.rel.dyn        0x0000000008003630        0x0
 .rel.iplt      0x0000000008003630        0x0 c:/st/stm32cubeide_1.10.1/stm32cubeide/plugins/com.st.stm32cube.ide.mcu.externaltools.gnu-tools-for-stm32.10.3-2021.10.win32_1.0.0.202111181127/tools/bin/../lib/gcc/arm-none-eabi/10.3.1/thumb/v7e-m+fp/hard/crtbegin.o

.preinit_array  0x0000000008003630        0x0
                0x0000000008003630                . = ALIGN (0x4)
                0x0000000008003630                PROVIDE (__preinit_array_start = .)
 *(.preinit_array*)
                0x0000000008003630                PROVIDE (__preinit_array_end = .)
                0x0000000008003630                . = ALIGN (0x4)

.init_array     0x0000000008003630        0x4
                0x0000000008003630                . = ALIGN (0x4)
                0x0000000008003630                PROVIDE (__init_array_start = .)
 *(SORT_BY_NAME(.init_array.*))
 *(.init_array*)
 .init_array    0x0000000008003630        0x4 c:/st/stm32cubeide_1.10.1/stm32cubeide/plugins/com.st.stm32cube.ide.mcu.externaltools.gnu-tools-for-stm32.10.3-2021.10.win32_1.0.0.202111181127/tools/bin/../lib/gcc/arm-none-eabi/10.3.1/thumb/v7e-m+fp/hard/crtbegin.o
                0x0000000008003634                PROVIDE (__init_array_end = .)
                0x0000000008003634                . = ALIGN (0x4)

.fini_array     0x0000000008003634        0x4
                0x0000000008003634                . = ALIGN (0x4)
                [!provide]                        PROVIDE (__fini_array_start = .)
 *(SORT_BY_NAME(.fini_array.*))
 *(.fini_array*)
 .fini_array    0x0000000008003634        0x4 c:/st/stm32cubeide_1.10.1/stm32cubeide/plugins/com.st.stm32cube.ide.mcu.externaltools.gnu-tools-for-stm32.10.3-2021.10.win32_1.0.0.202111181127/tools/bin/../lib/gcc/arm-none-eabi/10.3.1/thumb/v7e-m+fp/hard/crtbegin.o
                [!provide]                        PROVIDE (__fini_array_end = .)
                0x0000000008003638                . = ALIGN (0x4)
                0x0000000008003638                _sidata = LOADADDR (.data)

.data           0x0000000020000000        0xc load address 0x0000000008003638
                0x0000000020000000                . = ALIGN (0x4)
                0x0000000020000000                _sdata = .
 *(.data)
 *(.data*)
 .data.SystemCoreClock
                0x0000000020000000        0x4 ./Core/Src/system_stm32f4xx.o
                0x0000000020000000                SystemCoreClock
 .data.uwTickPrio
                0x0000000020000004        0x4 ./Drivers/STM32F4xx_HAL_Driver/Src/stm32f4xx_hal.o
                0x0000000020000004                uwTickPrio
 .data.uwTickFreq
                0x0000000020000008        0x1 ./Drivers/STM32F4xx_HAL_Driver/Src/stm32f4xx_hal.o
                0x0000000020000008                uwTickFreq
 *(.RamFunc)
 *(.RamFunc*)
                0x000000002000000c                . = ALIGN (0x4)
 *fill*         0x0000000020000009        0x3 
                0x000000002000000c                _edata = .
                0x0000000008003644                _siccmram = LOADADDR (.ccmram)

.igot.plt       0x000000002000000c        0x0 load address 0x0000000008003644
 .igot.plt      0x000000002000000c        0x0 c:/st/stm32cubeide_1.10.1/stm32cubeide/plugins/com.st.stm32cube.ide.mcu.externaltools.gnu-tools-for-stm32.10.3-2021.10.win32_1.0.0.202111181127/tools/bin/../lib/gcc/arm-none-eabi/10.3.1/thumb/v7e-m+fp/hard/crtbegin.o

.ccmram         0x0000000010000000        0x0 load address 0x0000000008003644
                0x0000000010000000                . = ALIGN (0x4)
                0x0000000010000000                _sccmram = .
 *(.ccmram)
 *(.ccmram*)
                0x0000000010000000                . = ALIGN (0x4)
                0x0000000010000000                _eccmram = .
                0x0000000010000000                . = ALIGN (0x4)

.bss            0x000000002000000c     0x11c0
                0x000000002000000c                _sbss = .
                0x000000002000000c                __bss_start__ = _sbss
 *(.bss)
 .bss           0x000000002000000c       0x1c c:/st/stm32cubeide_1.10.1/stm32cubeide/plugins/com.st.stm32cube.ide.mcu.externaltools.gnu-tools-for-stm32.10.3-2021.10.win32_1.0.0.202111181127/tools/bin/../lib/gcc/arm-none-eabi/10.3.1/thumb/v7e-m+fp/hard/crtbegin.o
 *(.bss*)
 .bss.l_actorA  0x0000000020000028       0x3c ./Core/Src/actorA.o
 .bss.htim4     0x0000000020000064       0x48 ./Core/Src/main.o
                0x0000000020000064                htim4
 .bss.l_blinkyQSto
                0x00000000200000ac       0x28 ./Core/Src/main.o
                0x00000000200000ac                l_blinkyQSto
 .bss._buff     0x00000000200000d4     0x1000 ./Core/Src/main.o
                0x00000000200000d4                _buff
 .bss.digit_state
                0x00000000200010d4        0x2 ./Core/Src/util.o
 *fill*         0x00000000200010d6        0x2 
 .bss.QF_maxPool_
                0x00000000200010d8        0x4 ./Core/Src/qf/qf_dyn.o
                0x00000000200010d8                QF_maxPool_
 .bss.QF_ePool_
                0x00000000200010dc       0x3c ./Core/Src/qf/qf_dyn.o
                0x00000000200010dc                QF_ePool_
 .bss.QActive_registry_
                0x0000000020001118       0x84 ./Core/Src/qf/qf_qact.o
                0x0000000020001118                QActive_registry_
 .bss.QF_readySet_
                0x000000002000119c        0x4 ./Core/Src/qf/qf_qact.o
                0x000000002000119c                QF_readySet_
 .bss.QTimeEvt_timeEvtHead_
                0x00000000200011a0       0x28 ./Core/Src/qf/qf_time.o
                0x00000000200011a0                QTimeEvt_timeEvtHead_
 .bss.uwTick    0x00000000200011c8        0x4 ./Drivers/STM32F4xx_HAL_Driver/Src/stm32f4xx_hal.o
                0x00000000200011c8                uwTick
 *(COMMON)
                0x00000000200011cc                . = ALIGN (0x4)
                0x00000000200011cc                _ebss = .
                0x00000000200011cc                __bss_end__ = _ebss

._user_heap_stack
                0x00000000200011cc      0x604
                0x00000000200011d0                . = ALIGN (0x8)
 *fill*         0x00000000200011cc        0x4 
                [!provide]                        PROVIDE (end = .)
                0x00000000200011d0                PROVIDE (_end = .)
                0x00000000200013d0                . = (. + _Min_Heap_Size)
 *fill*         0x00000000200011d0      0x200 
                0x00000000200017d0                . = (. + _Min_Stack_Size)
 *fill*         0x00000000200013d0      0x400 
                0x00000000200017d0                . = ALIGN (0x8)

/DISCARD/
 libc.a(*)
 libm.a(*)
 libgcc.a(*)

.ARM.attributes
                0x0000000000000000       0x30
 *(.ARM.attributes)
 .ARM.attributes
                0x0000000000000000       0x1e c:/st/stm32cubeide_1.10.1/stm32cubeide/plugins/com.st.stm32cube.ide.mcu.externaltools.gnu-tools-for-stm32.10.3-2021.10.win32_1.0.0.202111181127/tools/bin/../lib/gcc/arm-none-eabi/10.3.1/thumb/v7e-m+fp/hard/crti.o
 .ARM.attributes
                0x000000000000001e       0x34 c:/st/stm32cubeide_1.10.1/stm32cubeide/plugins/com.st.stm32cube.ide.mcu.externaltools.gnu-tools-for-stm32.10.3-2021.10.win32_1.0.0.202111181127/tools/bin/../lib/gcc/arm-none-eabi/10.3.1/thumb/v7e-m+fp/hard/crtbegin.o
 .ARM.attributes
                0x0000000000000052       0x34 ./Core/Src/actorA.o
 .ARM.attributes
                0x0000000000000086       0x34 ./Core/Src/bsp.o
 .ARM.attributes
                0x00000000000000ba       0x34 ./Core/Src/main.o
 .ARM.attributes
                0x00000000000000ee       0x34 ./Core/Src/stm32f4xx_hal_msp.o
 .ARM.attributes
                0x0000000000000122       0x34 ./Core/Src/stm32f4xx_it.o
 .ARM.attributes
                0x0000000000000156       0x34 ./Core/Src/system_stm32f4xx.o
 .ARM.attributes
                0x000000000000018a       0x34 ./Core/Src/util.o
 .ARM.attributes
                0x00000000000001be       0x34 ./Core/Src/qf/qep_hsm.o
 .ARM.attributes
                0x00000000000001f2       0x34 ./Core/Src/qf/qf_actq.o
 .ARM.attributes
                0x0000000000000226       0x34 ./Core/Src/qf/qf_dyn.o
 .ARM.attributes
                0x000000000000025a       0x34 ./Core/Src/qf/qf_mem.o
 .ARM.attributes
                0x000000000000028e       0x34 ./Core/Src/qf/qf_qact.o
 .ARM.attributes
                0x00000000000002c2       0x34 ./Core/Src/qf/qf_qeq.o
 .ARM.attributes
                0x00000000000002f6       0x34 ./Core/Src/qf/qf_time.o
 .ARM.attributes
                0x000000000000032a       0x34 ./Core/Src/qv/qv.o
 .ARM.attributes
                0x000000000000035e       0x21 ./Core/Startup/startup_stm32f407zgtx.o
 .ARM.attributes
                0x000000000000037f       0x34 ./Core/qv/gnu/qv_port.o
 .ARM.attributes
                0x00000000000003b3       0x34 ./Drivers/STM32F4xx_HAL_Driver/Src/stm32f4xx_hal.o
 .ARM.attributes
                0x00000000000003e7       0x34 ./Drivers/STM32F4xx_HAL_Driver/Src/stm32f4xx_hal_cortex.o
 .ARM.attributes
                0x000000000000041b       0x34 ./Drivers/STM32F4xx_HAL_Driver/Src/stm32f4xx_hal_gpio.o
 .ARM.attributes
                0x000000000000044f       0x34 ./Drivers/STM32F4xx_HAL_Driver/Src/stm32f4xx_hal_rcc.o
 .ARM.attributes
                0x0000000000000483       0x34 ./Drivers/STM32F4xx_HAL_Driver/Src/stm32f4xx_hal_tim.o
 .ARM.attributes
                0x00000000000004b7       0x34 ./Drivers/STM32F4xx_HAL_Driver/Src/stm32f4xx_hal_tim_ex.o
 .ARM.attributes
                0x00000000000004eb       0x34 c:/st/stm32cubeide_1.10.1/stm32cubeide/plugins/com.st.stm32cube.ide.mcu.externaltools.gnu-tools-for-stm32.10.3-2021.10.win32_1.0.0.202111181127/tools/bin/../lib/gcc/arm-none-eabi/10.3.1/../../../../arm-none-eabi/lib/thumb/v7e-m+fp/hard\libc_nano.a(lib_a-init.o)
 .ARM.attributes
                0x000000000000051f       0x34 c:/st/stm32cubeide_1.10.1/stm32cubeide/plugins/com.st.stm32cube.ide.mcu.externaltools.gnu-tools-for-stm32.10.3-2021.10.win32_1.0.0.202111181127/tools/bin/../lib/gcc/arm-none-eabi/10.3.1/../../../../arm-none-eabi/lib/thumb/v7e-m+fp/hard\libc_nano.a(lib_a-memset.o)
 .ARM.attributes
                0x0000000000000553       0x1e c:/st/stm32cubeide_1.10.1/stm32cubeide/plugins/com.st.stm32cube.ide.mcu.externaltools.gnu-tools-for-stm32.10.3-2021.10.win32_1.0.0.202111181127/tools/bin/../lib/gcc/arm-none-eabi/10.3.1/thumb/v7e-m+fp/hard\libgcc.a(_aeabi_uldivmod.o)
 .ARM.attributes
                0x0000000000000571       0x34 c:/st/stm32cubeide_1.10.1/stm32cubeide/plugins/com.st.stm32cube.ide.mcu.externaltools.gnu-tools-for-stm32.10.3-2021.10.win32_1.0.0.202111181127/tools/bin/../lib/gcc/arm-none-eabi/10.3.1/thumb/v7e-m+fp/hard\libgcc.a(_udivmoddi4.o)
 .ARM.attributes
                0x00000000000005a5       0x1e c:/st/stm32cubeide_1.10.1/stm32cubeide/plugins/com.st.stm32cube.ide.mcu.externaltools.gnu-tools-for-stm32.10.3-2021.10.win32_1.0.0.202111181127/tools/bin/../lib/gcc/arm-none-eabi/10.3.1/thumb/v7e-m+fp/hard\libgcc.a(_dvmd_tls.o)
 .ARM.attributes
                0x00000000000005c3       0x1e c:/st/stm32cubeide_1.10.1/stm32cubeide/plugins/com.st.stm32cube.ide.mcu.externaltools.gnu-tools-for-stm32.10.3-2021.10.win32_1.0.0.202111181127/tools/bin/../lib/gcc/arm-none-eabi/10.3.1/thumb/v7e-m+fp/hard/crtn.o
OUTPUT(QFrameworkApp.elf elf32-littlearm)
LOAD linker stubs
LOAD c:/st/stm32cubeide_1.10.1/stm32cubeide/plugins/com.st.stm32cube.ide.mcu.externaltools.gnu-tools-for-stm32.10.3-2021.10.win32_1.0.0.202111181127/tools/bin/../lib/gcc/arm-none-eabi/10.3.1/../../../../arm-none-eabi/lib/thumb/v7e-m+fp/hard\libc.a
LOAD c:/st/stm32cubeide_1.10.1/stm32cubeide/plugins/com.st.stm32cube.ide.mcu.externaltools.gnu-tools-for-stm32.10.3-2021.10.win32_1.0.0.202111181127/tools/bin/../lib/gcc/arm-none-eabi/10.3.1/../../../../arm-none-eabi/lib/thumb/v7e-m+fp/hard\libm.a
LOAD c:/st/stm32cubeide_1.10.1/stm32cubeide/plugins/com.st.stm32cube.ide.mcu.externaltools.gnu-tools-for-stm32.10.3-2021.10.win32_1.0.0.202111181127/tools/bin/../lib/gcc/arm-none-eabi/10.3.1/thumb/v7e-m+fp/hard\libgcc.a

.debug_info     0x0000000000000000     0xde43
 .debug_info    0x0000000000000000      0x8dd ./Core/Src/actorA.o
 .debug_info    0x00000000000008dd      0x16e ./Core/Src/bsp.o
 .debug_info    0x0000000000000a4b     0x14aa ./Core/Src/main.o
 .debug_info    0x0000000000001ef5      0xa77 ./Core/Src/stm32f4xx_hal_msp.o
 .debug_info    0x000000000000296c      0x172 ./Core/Src/stm32f4xx_it.o
 .debug_info    0x0000000000002ade      0x523 ./Core/Src/system_stm32f4xx.o
 .debug_info    0x0000000000003001      0x990 ./Core/Src/util.o
 .debug_info    0x0000000000003991      0x832 ./Core/Src/qf/qep_hsm.o
 .debug_info    0x00000000000041c3      0xa7b ./Core/Src/qf/qf_actq.o
 .debug_info    0x0000000000004c3e      0x4c0 ./Core/Src/qf/qf_dyn.o
 .debug_info    0x00000000000050fe      0x335 ./Core/Src/qf/qf_mem.o
 .debug_info    0x0000000000005433      0x8da ./Core/Src/qf/qf_qact.o
 .debug_info    0x0000000000005d0d      0x3b3 ./Core/Src/qf/qf_qeq.o
 .debug_info    0x00000000000060c0      0x9c7 ./Core/Src/qf/qf_time.o
 .debug_info    0x0000000000006a87      0x8d1 ./Core/Src/qv/qv.o
 .debug_info    0x0000000000007358       0x22 ./Core/Startup/startup_stm32f407zgtx.o
 .debug_info    0x000000000000737a       0xc4 ./Core/qv/gnu/qv_port.o
 .debug_info    0x000000000000743e      0x97c ./Drivers/STM32F4xx_HAL_Driver/Src/stm32f4xx_hal.o
 .debug_info    0x0000000000007dba      0xe1b ./Drivers/STM32F4xx_HAL_Driver/Src/stm32f4xx_hal_cortex.o
 .debug_info    0x0000000000008bd5      0x76a ./Drivers/STM32F4xx_HAL_Driver/Src/stm32f4xx_hal_gpio.o
 .debug_info    0x000000000000933f      0x966 ./Drivers/STM32F4xx_HAL_Driver/Src/stm32f4xx_hal_rcc.o
 .debug_info    0x0000000000009ca5     0x2bbe ./Drivers/STM32F4xx_HAL_Driver/Src/stm32f4xx_hal_tim.o
 .debug_info    0x000000000000c863     0x15e0 ./Drivers/STM32F4xx_HAL_Driver/Src/stm32f4xx_hal_tim_ex.o

.debug_abbrev   0x0000000000000000     0x2f41
 .debug_abbrev  0x0000000000000000      0x27e ./Core/Src/actorA.o
 .debug_abbrev  0x000000000000027e       0xe6 ./Core/Src/bsp.o
 .debug_abbrev  0x0000000000000364      0x34c ./Core/Src/main.o
 .debug_abbrev  0x00000000000006b0      0x1c3 ./Core/Src/stm32f4xx_hal_msp.o
 .debug_abbrev  0x0000000000000873       0xb4 ./Core/Src/stm32f4xx_it.o
 .debug_abbrev  0x0000000000000927      0x116 ./Core/Src/system_stm32f4xx.o
 .debug_abbrev  0x0000000000000a3d      0x21e ./Core/Src/util.o
 .debug_abbrev  0x0000000000000c5b      0x334 ./Core/Src/qf/qep_hsm.o
 .debug_abbrev  0x0000000000000f8f      0x2f4 ./Core/Src/qf/qf_actq.o
 .debug_abbrev  0x0000000000001283      0x23b ./Core/Src/qf/qf_dyn.o
 .debug_abbrev  0x00000000000014be      0x18a ./Core/Src/qf/qf_mem.o
 .debug_abbrev  0x0000000000001648      0x275 ./Core/Src/qf/qf_qact.o
 .debug_abbrev  0x00000000000018bd      0x172 ./Core/Src/qf/qf_qeq.o
 .debug_abbrev  0x0000000000001a2f      0x328 ./Core/Src/qf/qf_time.o
 .debug_abbrev  0x0000000000001d57      0x31e ./Core/Src/qv/qv.o
 .debug_abbrev  0x0000000000002075       0x12 ./Core/Startup/startup_stm32f407zgtx.o
 .debug_abbrev  0x0000000000002087       0x67 ./Core/qv/gnu/qv_port.o
 .debug_abbrev  0x00000000000020ee      0x20d ./Drivers/STM32F4xx_HAL_Driver/Src/stm32f4xx_hal.o
 .debug_abbrev  0x00000000000022fb      0x316 ./Drivers/STM32F4xx_HAL_Driver/Src/stm32f4xx_hal_cortex.o
 .debug_abbrev  0x0000000000002611      0x1c4 ./Drivers/STM32F4xx_HAL_Driver/Src/stm32f4xx_hal_gpio.o
 .debug_abbrev  0x00000000000027d5      0x2aa ./Drivers/STM32F4xx_HAL_Driver/Src/stm32f4xx_hal_rcc.o
 .debug_abbrev  0x0000000000002a7f      0x25d ./Drivers/STM32F4xx_HAL_Driver/Src/stm32f4xx_hal_tim.o
 .debug_abbrev  0x0000000000002cdc      0x265 ./Drivers/STM32F4xx_HAL_Driver/Src/stm32f4xx_hal_tim_ex.o

.debug_aranges  0x0000000000000000      0xc88
 .debug_aranges
                0x0000000000000000       0x30 ./Core/Src/actorA.o
 .debug_aranges
                0x0000000000000030       0x40 ./Core/Src/bsp.o
 .debug_aranges
                0x0000000000000070       0x40 ./Core/Src/main.o
 .debug_aranges
                0x00000000000000b0       0x38 ./Core/Src/stm32f4xx_hal_msp.o
 .debug_aranges
                0x00000000000000e8       0x60 ./Core/Src/stm32f4xx_it.o
 .debug_aranges
                0x0000000000000148       0x28 ./Core/Src/system_stm32f4xx.o
 .debug_aranges
                0x0000000000000170       0x58 ./Core/Src/util.o
 .debug_aranges
                0x00000000000001c8       0x58 ./Core/Src/qf/qep_hsm.o
 .debug_aranges
                0x0000000000000220       0x68 ./Core/Src/qf/qf_actq.o
 .debug_aranges
                0x0000000000000288       0x50 ./Core/Src/qf/qf_dyn.o
 .debug_aranges
                0x00000000000002d8       0x30 ./Core/Src/qf/qf_mem.o
 .debug_aranges
                0x0000000000000308       0x38 ./Core/Src/qf/qf_qact.o
 .debug_aranges
                0x0000000000000340       0x38 ./Core/Src/qf/qf_qeq.o
 .debug_aranges
                0x0000000000000378       0x58 ./Core/Src/qf/qf_time.o
 .debug_aranges
                0x00000000000003d0       0x50 ./Core/Src/qv/qv.o
 .debug_aranges
                0x0000000000000420       0x28 ./Core/Startup/startup_stm32f407zgtx.o
 .debug_aranges
                0x0000000000000448       0x20 ./Core/qv/gnu/qv_port.o
 .debug_aranges
                0x0000000000000468       0xf0 ./Drivers/STM32F4xx_HAL_Driver/Src/stm32f4xx_hal.o
 .debug_aranges
                0x0000000000000558      0x118 ./Drivers/STM32F4xx_HAL_Driver/Src/stm32f4xx_hal_cortex.o
 .debug_aranges
                0x0000000000000670       0x58 ./Drivers/STM32F4xx_HAL_Driver/Src/stm32f4xx_hal_gpio.o
 .debug_aranges
                0x00000000000006c8       0x88 ./Drivers/STM32F4xx_HAL_Driver/Src/stm32f4xx_hal_rcc.o
 .debug_aranges
                0x0000000000000750      0x3d0 ./Drivers/STM32F4xx_HAL_Driver/Src/stm32f4xx_hal_tim.o
 .debug_aranges
                0x0000000000000b20      0x168 ./Drivers/STM32F4xx_HAL_Driver/Src/stm32f4xx_hal_tim_ex.o

.debug_ranges   0x0000000000000000      0xb38
 .debug_ranges  0x0000000000000000       0x20 ./Core/Src/actorA.o
 .debug_ranges  0x0000000000000020       0x30 ./Core/Src/bsp.o
 .debug_ranges  0x0000000000000050       0x30 ./Core/Src/main.o
 .debug_ranges  0x0000000000000080       0x28 ./Core/Src/stm32f4xx_hal_msp.o
 .debug_ranges  0x00000000000000a8       0x50 ./Core/Src/stm32f4xx_it.o
 .debug_ranges  0x00000000000000f8       0x18 ./Core/Src/system_stm32f4xx.o
 .debug_ranges  0x0000000000000110       0x48 ./Core/Src/util.o
 .debug_ranges  0x0000000000000158       0x48 ./Core/Src/qf/qep_hsm.o
 .debug_ranges  0x00000000000001a0       0x58 ./Core/Src/qf/qf_actq.o
 .debug_ranges  0x00000000000001f8       0x40 ./Core/Src/qf/qf_dyn.o
 .debug_ranges  0x0000000000000238       0x20 ./Core/Src/qf/qf_mem.o
 .debug_ranges  0x0000000000000258       0x28 ./Core/Src/qf/qf_qact.o
 .debug_ranges  0x0000000000000280       0x28 ./Core/Src/qf/qf_qeq.o
 .debug_ranges  0x00000000000002a8       0x60 ./Core/Src/qf/qf_time.o
 .debug_ranges  0x0000000000000308       0x40 ./Core/Src/qv/qv.o
 .debug_ranges  0x0000000000000348       0x20 ./Core/Startup/startup_stm32f407zgtx.o
 .debug_ranges  0x0000000000000368       0x10 ./Core/qv/gnu/qv_port.o
 .debug_ranges  0x0000000000000378       0xe0 ./Drivers/STM32F4xx_HAL_Driver/Src/stm32f4xx_hal.o
 .debug_ranges  0x0000000000000458      0x108 ./Drivers/STM32F4xx_HAL_Driver/Src/stm32f4xx_hal_cortex.o
 .debug_ranges  0x0000000000000560       0x48 ./Drivers/STM32F4xx_HAL_Driver/Src/stm32f4xx_hal_gpio.o
 .debug_ranges  0x00000000000005a8       0x78 ./Drivers/STM32F4xx_HAL_Driver/Src/stm32f4xx_hal_rcc.o
 .debug_ranges  0x0000000000000620      0x3c0 ./Drivers/STM32F4xx_HAL_Driver/Src/stm32f4xx_hal_tim.o
 .debug_ranges  0x00000000000009e0      0x158 ./Drivers/STM32F4xx_HAL_Driver/Src/stm32f4xx_hal_tim_ex.o

.debug_macro    0x0000000000000000    0x2089d
 .debug_macro   0x0000000000000000      0x265 ./Core/Src/actorA.o
 .debug_macro   0x0000000000000265      0x295 ./Core/Src/actorA.o
 .debug_macro   0x00000000000004fa       0x2e ./Core/Src/actorA.o
 .debug_macro   0x0000000000000528       0x2f ./Core/Src/actorA.o
 .debug_macro   0x0000000000000557       0x22 ./Core/Src/actorA.o
 .debug_macro   0x0000000000000579       0x8e ./Core/Src/actorA.o
 .debug_macro   0x0000000000000607       0x51 ./Core/Src/actorA.o
 .debug_macro   0x0000000000000658      0x103 ./Core/Src/actorA.o
 .debug_macro   0x000000000000075b       0x6a ./Core/Src/actorA.o
 .debug_macro   0x00000000000007c5      0x1df ./Core/Src/actorA.o
 .debug_macro   0x00000000000009a4       0x1c ./Core/Src/actorA.o
 .debug_macro   0x00000000000009c0       0x22 ./Core/Src/actorA.o
 .debug_macro   0x00000000000009e2       0xd9 ./Core/Src/actorA.o
 .debug_macro   0x0000000000000abb     0x102d ./Core/Src/actorA.o
 .debug_macro   0x0000000000001ae8      0x11f ./Core/Src/actorA.o
 .debug_macro   0x0000000000001c07    0x15e82 ./Core/Src/actorA.o
 .debug_macro   0x0000000000017a89       0x6d ./Core/Src/actorA.o
 .debug_macro   0x0000000000017af6     0x367e ./Core/Src/actorA.o
 .debug_macro   0x000000000001b174      0x174 ./Core/Src/actorA.o
 .debug_macro   0x000000000001b2e8       0x5c ./Core/Src/actorA.o
 .debug_macro   0x000000000001b344      0x96b ./Core/Src/actorA.o
 .debug_macro   0x000000000001bcaf      0x9fe ./Core/Src/actorA.o
 .debug_macro   0x000000000001c6ad      0x115 ./Core/Src/actorA.o
 .debug_macro   0x000000000001c7c2      0x13e ./Core/Src/actorA.o
 .debug_macro   0x000000000001c900       0xa5 ./Core/Src/actorA.o
 .debug_macro   0x000000000001c9a5      0x174 ./Core/Src/actorA.o
 .debug_macro   0x000000000001cb19      0x287 ./Core/Src/actorA.o
 .debug_macro   0x000000000001cda0       0x5f ./Core/Src/actorA.o
 .debug_macro   0x000000000001cdff      0x236 ./Core/Src/actorA.o
 .debug_macro   0x000000000001d035      0x12c ./Core/Src/actorA.o
 .debug_macro   0x000000000001d161      0x21e ./Core/Src/actorA.o
 .debug_macro   0x000000000001d37f       0x2e ./Core/Src/actorA.o
 .debug_macro   0x000000000001d3ad      0x11a ./Core/Src/actorA.o
 .debug_macro   0x000000000001d4c7       0x7e ./Core/Src/actorA.o
 .debug_macro   0x000000000001d545       0x89 ./Core/Src/actorA.o
 .debug_macro   0x000000000001d5ce      0x8e6 ./Core/Src/actorA.o
 .debug_macro   0x000000000001deb4       0x47 ./Core/Src/actorA.o
 .debug_macro   0x000000000001defb      0x12d ./Core/Src/actorA.o
 .debug_macro   0x000000000001e028       0x40 ./Core/Src/actorA.o
 .debug_macro   0x000000000001e068       0x52 ./Core/Src/actorA.o
 .debug_macro   0x000000000001e0ba       0x10 ./Core/Src/actorA.o
 .debug_macro   0x000000000001e0ca       0x22 ./Core/Src/actorA.o
 .debug_macro   0x000000000001e0ec       0xed ./Core/Src/actorA.o
 .debug_macro   0x000000000001e1d9       0x1c ./Core/Src/actorA.o
 .debug_macro   0x000000000001e1f5       0x10 ./Core/Src/actorA.o
 .debug_macro   0x000000000001e205       0x10 ./Core/Src/actorA.o
 .debug_macro   0x000000000001e215       0x1c ./Core/Src/actorA.o
 .debug_macro   0x000000000001e231       0x8c ./Core/Src/actorA.o
 .debug_macro   0x000000000001e2bd       0x78 ./Core/Src/actorA.o
 .debug_macro   0x000000000001e335       0xee ./Core/Src/actorA.o
 .debug_macro   0x000000000001e423       0x73 ./Core/Src/actorA.o
 .debug_macro   0x000000000001e496       0x10 ./Core/Src/actorA.o
 .debug_macro   0x000000000001e4a6       0x10 ./Core/Src/actorA.o
 .debug_macro   0x000000000001e4b6      0x243 ./Core/Src/bsp.o
 .debug_macro   0x000000000001e6f9      0x253 ./Core/Src/main.o
 .debug_macro   0x000000000001e94c      0x1d3 ./Core/Src/stm32f4xx_hal_msp.o
 .debug_macro   0x000000000001eb1f      0x253 ./Core/Src/stm32f4xx_it.o
 .debug_macro   0x000000000001ed72      0x1c4 ./Core/Src/system_stm32f4xx.o
 .debug_macro   0x000000000001ef36      0x2a9 ./Core/Src/util.o
 .debug_macro   0x000000000001f1df      0x10e ./Core/Src/util.o
 .debug_macro   0x000000000001f2ed       0x8d ./Core/Src/util.o
 .debug_macro   0x000000000001f37a       0x56 ./Core/Src/util.o
 .debug_macro   0x000000000001f3d0       0xa8 ./Core/Src/qf/qep_hsm.o
 .debug_macro   0x000000000001f478      0x178 ./Core/Src/qf/qep_hsm.o
 .debug_macro   0x000000000001f5f0       0xe5 ./Core/Src/qf/qf_actq.o
 .debug_macro   0x000000000001f6d5       0x43 ./Core/Src/qf/qf_actq.o
 .debug_macro   0x000000000001f718       0x62 ./Core/Src/qf/qf_actq.o
 .debug_macro   0x000000000001f77a       0xde ./Core/Src/qf/qf_dyn.o
 .debug_macro   0x000000000001f858       0xde ./Core/Src/qf/qf_mem.o
 .debug_macro   0x000000000001f936       0xd5 ./Core/Src/qf/qf_qact.o
 .debug_macro   0x000000000001fa0b       0xde ./Core/Src/qf/qf_qeq.o
 .debug_macro   0x000000000001fae9       0xde ./Core/Src/qf/qf_time.o
 .debug_macro   0x000000000001fbc7       0xde ./Core/Src/qv/qv.o
 .debug_macro   0x000000000001fca5       0xd5 ./Core/qv/gnu/qv_port.o
 .debug_macro   0x000000000001fd7a      0x224 ./Drivers/STM32F4xx_HAL_Driver/Src/stm32f4xx_hal.o
 .debug_macro   0x000000000001ff9e      0x1c4 ./Drivers/STM32F4xx_HAL_Driver/Src/stm32f4xx_hal_cortex.o
 .debug_macro   0x0000000000020162      0x1ca ./Drivers/STM32F4xx_HAL_Driver/Src/stm32f4xx_hal_gpio.o
 .debug_macro   0x000000000002032c      0x1e8 ./Drivers/STM32F4xx_HAL_Driver/Src/stm32f4xx_hal_rcc.o
 .debug_macro   0x0000000000020514      0x1c5 ./Drivers/STM32F4xx_HAL_Driver/Src/stm32f4xx_hal_tim.o
 .debug_macro   0x00000000000206d9      0x1c4 ./Drivers/STM32F4xx_HAL_Driver/Src/stm32f4xx_hal_tim_ex.o

.debug_line     0x0000000000000000     0xea80
 .debug_line    0x0000000000000000      0x7e9 ./Core/Src/actorA.o
 .debug_line    0x00000000000007e9      0x7b0 ./Core/Src/bsp.o
 .debug_line    0x0000000000000f99      0x89e ./Core/Src/main.o
 .debug_line    0x0000000000001837      0x70b ./Core/Src/stm32f4xx_hal_msp.o
 .debug_line    0x0000000000001f42      0x830 ./Core/Src/stm32f4xx_it.o
 .debug_line    0x0000000000002772      0x725 ./Core/Src/system_stm32f4xx.o
 .debug_line    0x0000000000002e97      0x915 ./Core/Src/util.o
 .debug_line    0x00000000000037ac      0x70a ./Core/Src/qf/qep_hsm.o
 .debug_line    0x0000000000003eb6      0x6d1 ./Core/Src/qf/qf_actq.o
 .debug_line    0x0000000000004587      0x5cb ./Core/Src/qf/qf_dyn.o
 .debug_line    0x0000000000004b52      0x57b ./Core/Src/qf/qf_mem.o
 .debug_line    0x00000000000050cd      0x56b ./Core/Src/qf/qf_qact.o
 .debug_line    0x0000000000005638      0x5cb ./Core/Src/qf/qf_qeq.o
 .debug_line    0x0000000000005c03      0x68c ./Core/Src/qf/qf_time.o
 .debug_line    0x000000000000628f      0x55b ./Core/Src/qv/qv.o
 .debug_line    0x00000000000067ea       0x88 ./Core/Startup/startup_stm32f407zgtx.o
 .debug_line    0x0000000000006872      0x43e ./Core/qv/gnu/qv_port.o
 .debug_line    0x0000000000006cb0      0x98b ./Drivers/STM32F4xx_HAL_Driver/Src/stm32f4xx_hal.o
 .debug_line    0x000000000000763b      0xc3a ./Drivers/STM32F4xx_HAL_Driver/Src/stm32f4xx_hal_cortex.o
 .debug_line    0x0000000000008275      0xaff ./Drivers/STM32F4xx_HAL_Driver/Src/stm32f4xx_hal_gpio.o
 .debug_line    0x0000000000008d74      0xd05 ./Drivers/STM32F4xx_HAL_Driver/Src/stm32f4xx_hal_rcc.o
 .debug_line    0x0000000000009a79     0x367f ./Drivers/STM32F4xx_HAL_Driver/Src/stm32f4xx_hal_tim.o
 .debug_line    0x000000000000d0f8     0x1988 ./Drivers/STM32F4xx_HAL_Driver/Src/stm32f4xx_hal_tim_ex.o

.debug_str      0x0000000000000000    0xca4fd
 .debug_str     0x0000000000000000    0xc378a ./Core/Src/actorA.o
                                      0xc3a3d (size before relaxing)
 .debug_str     0x00000000000c378a       0x56 ./Core/Src/bsp.o
                                      0xc35bf (size before relaxing)
 .debug_str     0x00000000000c37e0      0x954 ./Core/Src/main.o
                                      0xc430f (size before relaxing)
 .debug_str     0x00000000000c4134       0x64 ./Core/Src/stm32f4xx_hal_msp.o
                                      0xc20b2 (size before relaxing)
 .debug_str     0x00000000000c4198       0xd8 ./Core/Src/stm32f4xx_it.o
                                      0xc36d1 (size before relaxing)
 .debug_str     0x00000000000c4270       0xdb ./Core/Src/system_stm32f4xx.o
                                      0xc1a97 (size before relaxing)
 .debug_str     0x00000000000c434b     0x2f3e ./Core/Src/util.o
                                      0xc4f00 (size before relaxing)
 .debug_str     0x00000000000c7289      0x451 ./Core/Src/qf/qep_hsm.o
                                       0x52be (size before relaxing)
 .debug_str     0x00000000000c76da      0x63f ./Core/Src/qf/qf_actq.o
                                       0x61da (size before relaxing)
 .debug_str     0x00000000000c7d19       0xec ./Core/Src/qf/qf_dyn.o
                                       0x5f6d (size before relaxing)
 .debug_str     0x00000000000c7e05       0x33 ./Core/Src/qf/qf_mem.o
                                       0x5ed8 (size before relaxing)
 .debug_str     0x00000000000c7e38       0x68 ./Core/Src/qf/qf_qact.o
                                       0x5a4e (size before relaxing)
 .debug_str     0x00000000000c7ea0       0x59 ./Core/Src/qf/qf_qeq.o
                                       0x5ede (size before relaxing)
 .debug_str     0x00000000000c7ef9       0x9d ./Core/Src/qf/qf_time.o
                                       0x61ae (size before relaxing)
 .debug_str     0x00000000000c7f96       0x66 ./Core/Src/qv/qv.o
                                       0x61a2 (size before relaxing)
 .debug_str     0x00000000000c7ffc       0x36 ./Core/Startup/startup_stm32f407zgtx.o
                                         0x6c (size before relaxing)
 .debug_str     0x00000000000c8032       0xa9 ./Core/qv/gnu/qv_port.o
                                       0x511f (size before relaxing)
 .debug_str     0x00000000000c80db      0xb07 ./Drivers/STM32F4xx_HAL_Driver/Src/stm32f4xx_hal.o
                                      0xc261b (size before relaxing)
 .debug_str     0x00000000000c8be2      0x34d ./Drivers/STM32F4xx_HAL_Driver/Src/stm32f4xx_hal_cortex.o
                                      0xc234e (size before relaxing)
 .debug_str     0x00000000000c8f2f      0x119 ./Drivers/STM32F4xx_HAL_Driver/Src/stm32f4xx_hal_gpio.o
                                      0xc1c12 (size before relaxing)
 .debug_str     0x00000000000c9048      0x233 ./Drivers/STM32F4xx_HAL_Driver/Src/stm32f4xx_hal_rcc.o
                                      0xc1ecb (size before relaxing)
 .debug_str     0x00000000000c927b      0xdef ./Drivers/STM32F4xx_HAL_Driver/Src/stm32f4xx_hal_tim.o
                                      0xc2e11 (size before relaxing)
 .debug_str     0x00000000000ca06a      0x493 ./Drivers/STM32F4xx_HAL_Driver/Src/stm32f4xx_hal_tim_ex.o
                                      0xc262d (size before relaxing)

.comment        0x0000000000000000       0x50
 .comment       0x0000000000000000       0x50 ./Core/Src/actorA.o
                                         0x51 (size before relaxing)
 .comment       0x0000000000000050       0x51 ./Core/Src/bsp.o
 .comment       0x0000000000000050       0x51 ./Core/Src/main.o
 .comment       0x0000000000000050       0x51 ./Core/Src/stm32f4xx_hal_msp.o
 .comment       0x0000000000000050       0x51 ./Core/Src/stm32f4xx_it.o
 .comment       0x0000000000000050       0x51 ./Core/Src/system_stm32f4xx.o
 .comment       0x0000000000000050       0x51 ./Core/Src/util.o
 .comment       0x0000000000000050       0x51 ./Core/Src/qf/qep_hsm.o
 .comment       0x0000000000000050       0x51 ./Core/Src/qf/qf_actq.o
 .comment       0x0000000000000050       0x51 ./Core/Src/qf/qf_dyn.o
 .comment       0x0000000000000050       0x51 ./Core/Src/qf/qf_mem.o
 .comment       0x0000000000000050       0x51 ./Core/Src/qf/qf_qact.o
 .comment       0x0000000000000050       0x51 ./Core/Src/qf/qf_qeq.o
 .comment       0x0000000000000050       0x51 ./Core/Src/qf/qf_time.o
 .comment       0x0000000000000050       0x51 ./Core/Src/qv/qv.o
 .comment       0x0000000000000050       0x51 ./Core/qv/gnu/qv_port.o
 .comment       0x0000000000000050       0x51 ./Drivers/STM32F4xx_HAL_Driver/Src/stm32f4xx_hal.o
 .comment       0x0000000000000050       0x51 ./Drivers/STM32F4xx_HAL_Driver/Src/stm32f4xx_hal_cortex.o
 .comment       0x0000000000000050       0x51 ./Drivers/STM32F4xx_HAL_Driver/Src/stm32f4xx_hal_gpio.o
 .comment       0x0000000000000050       0x51 ./Drivers/STM32F4xx_HAL_Driver/Src/stm32f4xx_hal_rcc.o
 .comment       0x0000000000000050       0x51 ./Drivers/STM32F4xx_HAL_Driver/Src/stm32f4xx_hal_tim.o
 .comment       0x0000000000000050       0x51 ./Drivers/STM32F4xx_HAL_Driver/Src/stm32f4xx_hal_tim_ex.o

.debug_frame    0x0000000000000000     0x3108
 .debug_frame   0x0000000000000000       0x7c ./Core/Src/actorA.o
 .debug_frame   0x000000000000007c       0xb8 ./Core/Src/bsp.o
 .debug_frame   0x0000000000000134       0xbc ./Core/Src/main.o
 .debug_frame   0x00000000000001f0       0xac ./Core/Src/stm32f4xx_hal_msp.o
 .debug_frame   0x000000000000029c      0x104 ./Core/Src/stm32f4xx_it.o
 .debug_frame   0x00000000000003a0       0x58 ./Core/Src/system_stm32f4xx.o
 .debug_frame   0x00000000000003f8      0x11c ./Core/Src/util.o
 .debug_frame   0x0000000000000514      0x13c ./Core/Src/qf/qep_hsm.o
 .debug_frame   0x0000000000000650      0x17c ./Core/Src/qf/qf_actq.o
 .debug_frame   0x00000000000007cc      0x108 ./Core/Src/qf/qf_dyn.o
 .debug_frame   0x00000000000008d4       0x7c ./Core/Src/qf/qf_mem.o
 .debug_frame   0x0000000000000950       0xa4 ./Core/Src/qf/qf_qact.o
 .debug_frame   0x00000000000009f4       0xa4 ./Core/Src/qf/qf_qeq.o
 .debug_frame   0x0000000000000a98      0x140 ./Core/Src/qf/qf_time.o
 .debug_frame   0x0000000000000bd8      0x104 ./Core/Src/qv/qv.o
 .debug_frame   0x0000000000000cdc       0x38 ./Core/qv/gnu/qv_port.o
 .debug_frame   0x0000000000000d14      0x374 ./Drivers/STM32F4xx_HAL_Driver/Src/stm32f4xx_hal.o
 .debug_frame   0x0000000000001088      0x498 ./Drivers/STM32F4xx_HAL_Driver/Src/stm32f4xx_hal_cortex.o
 .debug_frame   0x0000000000001520      0x14c ./Drivers/STM32F4xx_HAL_Driver/Src/stm32f4xx_hal_gpio.o
 .debug_frame   0x000000000000166c      0x1f4 ./Drivers/STM32F4xx_HAL_Driver/Src/stm32f4xx_hal_rcc.o
 .debug_frame   0x0000000000001860     0x11c4 ./Drivers/STM32F4xx_HAL_Driver/Src/stm32f4xx_hal_tim.o
 .debug_frame   0x0000000000002a24      0x638 ./Drivers/STM32F4xx_HAL_Driver/Src/stm32f4xx_hal_tim_ex.o
 .debug_frame   0x000000000000305c       0x2c c:/st/stm32cubeide_1.10.1/stm32cubeide/plugins/com.st.stm32cube.ide.mcu.externaltools.gnu-tools-for-stm32.10.3-2021.10.win32_1.0.0.202111181127/tools/bin/../lib/gcc/arm-none-eabi/10.3.1/../../../../arm-none-eabi/lib/thumb/v7e-m+fp/hard\libc_nano.a(lib_a-init.o)
 .debug_frame   0x0000000000003088       0x20 c:/st/stm32cubeide_1.10.1/stm32cubeide/plugins/com.st.stm32cube.ide.mcu.externaltools.gnu-tools-for-stm32.10.3-2021.10.win32_1.0.0.202111181127/tools/bin/../lib/gcc/arm-none-eabi/10.3.1/../../../../arm-none-eabi/lib/thumb/v7e-m+fp/hard\libc_nano.a(lib_a-memset.o)
 .debug_frame   0x00000000000030a8       0x2c c:/st/stm32cubeide_1.10.1/stm32cubeide/plugins/com.st.stm32cube.ide.mcu.externaltools.gnu-tools-for-stm32.10.3-2021.10.win32_1.0.0.202111181127/tools/bin/../lib/gcc/arm-none-eabi/10.3.1/thumb/v7e-m+fp/hard\libgcc.a(_aeabi_uldivmod.o)
 .debug_frame   0x00000000000030d4       0x34 c:/st/stm32cubeide_1.10.1/stm32cubeide/plugins/com.st.stm32cube.ide.mcu.externaltools.gnu-tools-for-stm32.10.3-2021.10.win32_1.0.0.202111181127/tools/bin/../lib/gcc/arm-none-eabi/10.3.1/thumb/v7e-m+fp/hard\libgcc.a(_udivmoddi4.o)
