Archive member included to satisfy reference by file (symbol)

C:/ST/STM32CubeIDE_1.13.2/STM32CubeIDE/plugins/com.st.stm32cube.ide.mcu.externaltools.gnu-tools-for-stm32.11.3.rel1.win32_1.1.1.202309131626/tools/bin/../lib/gcc/arm-none-eabi/11.3.1/../../../../arm-none-eabi/lib/thumb/v7e-m+fp/hard\libc_nano.a(libc_a-exit.o)
                              C:/ST/STM32CubeIDE_1.13.2/STM32CubeIDE/plugins/com.st.stm32cube.ide.mcu.externaltools.gnu-tools-for-stm32.11.3.rel1.win32_1.1.1.202309131626/tools/bin/../lib/gcc/arm-none-eabi/11.3.1/../../../../arm-none-eabi/lib/thumb/v7e-m+fp/hard/crt0.o (exit)
C:/ST/STM32CubeIDE_1.13.2/STM32CubeIDE/plugins/com.st.stm32cube.ide.mcu.externaltools.gnu-tools-for-stm32.11.3.rel1.win32_1.1.1.202309131626/tools/bin/../lib/gcc/arm-none-eabi/11.3.1/../../../../arm-none-eabi/lib/thumb/v7e-m+fp/hard\libc_nano.a(libc_a-findfp.o)
                              C:/ST/STM32CubeIDE_1.13.2/STM32CubeIDE/plugins/com.st.stm32cube.ide.mcu.externaltools.gnu-tools-for-stm32.11.3.rel1.win32_1.1.1.202309131626/tools/bin/../lib/gcc/arm-none-eabi/11.3.1/../../../../arm-none-eabi/lib/thumb/v7e-m+fp/hard\libc_nano.a(libc_a-exit.o) (__stdio_exit_handler)
C:/ST/STM32CubeIDE_1.13.2/STM32CubeIDE/plugins/com.st.stm32cube.ide.mcu.externaltools.gnu-tools-for-stm32.11.3.rel1.win32_1.1.1.202309131626/tools/bin/../lib/gcc/arm-none-eabi/11.3.1/../../../../arm-none-eabi/lib/thumb/v7e-m+fp/hard\libc_nano.a(libc_a-fwalk.o)
                              C:/ST/STM32CubeIDE_1.13.2/STM32CubeIDE/plugins/com.st.stm32cube.ide.mcu.externaltools.gnu-tools-for-stm32.11.3.rel1.win32_1.1.1.202309131626/tools/bin/../lib/gcc/arm-none-eabi/11.3.1/../../../../arm-none-eabi/lib/thumb/v7e-m+fp/hard\libc_nano.a(libc_a-findfp.o) (_fwalk_sglue)
C:/ST/STM32CubeIDE_1.13.2/STM32CubeIDE/plugins/com.st.stm32cube.ide.mcu.externaltools.gnu-tools-for-stm32.11.3.rel1.win32_1.1.1.202309131626/tools/bin/../lib/gcc/arm-none-eabi/11.3.1/../../../../arm-none-eabi/lib/thumb/v7e-m+fp/hard\libc_nano.a(libc_a-stdio.o)
                              C:/ST/STM32CubeIDE_1.13.2/STM32CubeIDE/plugins/com.st.stm32cube.ide.mcu.externaltools.gnu-tools-for-stm32.11.3.rel1.win32_1.1.1.202309131626/tools/bin/../lib/gcc/arm-none-eabi/11.3.1/../../../../arm-none-eabi/lib/thumb/v7e-m+fp/hard\libc_nano.a(libc_a-findfp.o) (__sread)
C:/ST/STM32CubeIDE_1.13.2/STM32CubeIDE/plugins/com.st.stm32cube.ide.mcu.externaltools.gnu-tools-for-stm32.11.3.rel1.win32_1.1.1.202309131626/tools/bin/../lib/gcc/arm-none-eabi/11.3.1/../../../../arm-none-eabi/lib/thumb/v7e-m+fp/hard\libc_nano.a(libc_a-memset.o)
                              C:/ST/STM32CubeIDE_1.13.2/STM32CubeIDE/plugins/com.st.stm32cube.ide.mcu.externaltools.gnu-tools-for-stm32.11.3.rel1.win32_1.1.1.202309131626/tools/bin/../lib/gcc/arm-none-eabi/11.3.1/../../../../arm-none-eabi/lib/thumb/v7e-m+fp/hard/crt0.o (memset)
C:/ST/STM32CubeIDE_1.13.2/STM32CubeIDE/plugins/com.st.stm32cube.ide.mcu.externaltools.gnu-tools-for-stm32.11.3.rel1.win32_1.1.1.202309131626/tools/bin/../lib/gcc/arm-none-eabi/11.3.1/../../../../arm-none-eabi/lib/thumb/v7e-m+fp/hard\libc_nano.a(libc_a-closer.o)
                              C:/ST/STM32CubeIDE_1.13.2/STM32CubeIDE/plugins/com.st.stm32cube.ide.mcu.externaltools.gnu-tools-for-stm32.11.3.rel1.win32_1.1.1.202309131626/tools/bin/../lib/gcc/arm-none-eabi/11.3.1/../../../../arm-none-eabi/lib/thumb/v7e-m+fp/hard\libc_nano.a(libc_a-stdio.o) (_close_r)
C:/ST/STM32CubeIDE_1.13.2/STM32CubeIDE/plugins/com.st.stm32cube.ide.mcu.externaltools.gnu-tools-for-stm32.11.3.rel1.win32_1.1.1.202309131626/tools/bin/../lib/gcc/arm-none-eabi/11.3.1/../../../../arm-none-eabi/lib/thumb/v7e-m+fp/hard\libc_nano.a(libc_a-reent.o)
                              C:/ST/STM32CubeIDE_1.13.2/STM32CubeIDE/plugins/com.st.stm32cube.ide.mcu.externaltools.gnu-tools-for-stm32.11.3.rel1.win32_1.1.1.202309131626/tools/bin/../lib/gcc/arm-none-eabi/11.3.1/../../../../arm-none-eabi/lib/thumb/v7e-m+fp/hard\libc_nano.a(libc_a-closer.o) (errno)
C:/ST/STM32CubeIDE_1.13.2/STM32CubeIDE/plugins/com.st.stm32cube.ide.mcu.externaltools.gnu-tools-for-stm32.11.3.rel1.win32_1.1.1.202309131626/tools/bin/../lib/gcc/arm-none-eabi/11.3.1/../../../../arm-none-eabi/lib/thumb/v7e-m+fp/hard\libc_nano.a(libc_a-impure.o)
                              C:/ST/STM32CubeIDE_1.13.2/STM32CubeIDE/plugins/com.st.stm32cube.ide.mcu.externaltools.gnu-tools-for-stm32.11.3.rel1.win32_1.1.1.202309131626/tools/bin/../lib/gcc/arm-none-eabi/11.3.1/../../../../arm-none-eabi/lib/thumb/v7e-m+fp/hard\libc_nano.a(libc_a-reent.o) (_impure_ptr)
C:/ST/STM32CubeIDE_1.13.2/STM32CubeIDE/plugins/com.st.stm32cube.ide.mcu.externaltools.gnu-tools-for-stm32.11.3.rel1.win32_1.1.1.202309131626/tools/bin/../lib/gcc/arm-none-eabi/11.3.1/../../../../arm-none-eabi/lib/thumb/v7e-m+fp/hard\libc_nano.a(libc_a-lseekr.o)
[...]
Memory Configuration

Name             Origin             Length             Attributes
CCMRAM           0x0000000010000000 0x0000000000010000 xrw
RAM              0x0000000020000000 0x0000000000020000 xrw
FLASH            0x0000000008000000 0x0000000000100000 xr
*default*        0x0000000000000000 0xffffffffffffffff

Linker script and memory map

LOAD C:/ST/STM32CubeIDE_1.13.2/STM32CubeIDE/plugins/com.st.stm32cube.ide.mcu.externaltools.gnu-tools-for-stm32.11.3.rel1.win32_1.1.1.202309131626/tools/bin/../lib/gcc/arm-none-eabi/11.3.1/thumb/v7e-m+fp/hard/crti.o
LOAD C:/ST/STM32CubeIDE_1.13.2/STM32CubeIDE/plugins/com.st.stm32cube.ide.mcu.externaltools.gnu-tools-for-stm32.11.3.rel1.win32_1.1.1.202309131626/tools/bin/../lib/gcc/arm-none-eabi/11.3.1/thumb/v7e-m+fp/hard/crtbegin.o
LOAD C:/ST/STM32CubeIDE_1.13.2/STM32CubeIDE/plugins/com.st.stm32cube.ide.mcu.externaltools.gnu-tools-for-stm32.11.3.rel1.win32_1.1.1.202309131626/tools/bin/../lib/gcc/arm-none-eabi/11.3.1/../../../../arm-none-eabi/lib/thumb/v7e-m+fp/hard/crt0.o
LOAD ./Core/Inc/qstamp.o
LOAD ./Core/Src/actorA.o
LOAD ./Core/Src/bsp.o
LOAD ./Core/Src/main.o
LOAD ./Core/Src/stm32f4xx_hal_msp.o
LOAD ./Core/Src/stm32f4xx_it.o
LOAD ./Core/Src/syscalls.o
LOAD ./Core/Src/sysmem.o
LOAD ./Core/Src/system_stm32f4xx.o
LOAD ./Core/Src/util.o
LOAD ./Core/Src/qf/qep_hsm.o
LOAD ./Core/Src/qf/qep_msm.o
LOAD ./Core/Src/qf/qf_act.o
LOAD ./Core/Src/qf/qf_actq.o
LOAD ./Core/Src/qf/qf_defer.o
LOAD ./Core/Src/qf/qf_dyn.o
LOAD ./Core/Src/qf/qf_mem.o
LOAD ./Core/Src/qf/qf_ps.o
LOAD ./Core/Src/qf/qf_qact.o
LOAD ./Core/Src/qf/qf_qeq.o
LOAD ./Core/Src/qf/qf_qmact.o
LOAD ./Core/Src/qf/qf_time.o
LOAD ./Core/Src/qv/qv.o
LOAD ./Core/Startup/startup_stm32f407zgtx.o
LOAD ./Core/qv/gnu/qv_port.o
LOAD ./Drivers/STM32F4xx_HAL_Driver/Src/stm32f4xx_hal.o
LOAD ./Drivers/STM32F4xx_HAL_Driver/Src/stm32f4xx_hal_cortex.o
LOAD ./Drivers/STM32F4xx_HAL_Driver/Src/stm32f4xx_hal_dma.o
LOAD ./Drivers/STM32F4xx_HAL_Driver/Src/stm32f4xx_hal_dma_ex.o
LOAD ./Drivers/STM32F4xx_HAL_Driver/Src/stm32f4xx_hal_exti.o
LOAD ./Drivers/STM32F4xx_HAL_Driver/Src/stm32f4xx_hal_flash.o
LOAD ./Drivers/STM32F4xx_HAL_Driver/Src/stm32f4xx_hal_flash_ex.o
LOAD ./Drivers/STM32F4xx_HAL_Driver/Src/stm32f4xx_hal_flash_ramfunc.o
LOAD ./Drivers/STM32F4xx_HAL_Driver/Src/stm32f4xx_hal_gpio.o
LOAD ./Drivers/STM32F4xx_HAL_Driver/Src/stm32f4xx_hal_i2c.o
LOAD ./Drivers/STM32F4xx_HAL_Driver/Src/stm32f4xx_hal_i2c_ex.o
LOAD ./Drivers/STM32F4xx_HAL_Driver/Src/stm32f4xx_hal_pwr.o
LOAD ./Drivers/STM32F4xx_HAL_Driver/Src/stm32f4xx_hal_pwr_ex.o
LOAD ./Drivers/STM32F4xx_HAL_Driver/Src/stm32f4xx_hal_rcc.o
LOAD ./Drivers/STM32F4xx_HAL_Driver/Src/stm32f4xx_hal_rcc_ex.o
LOAD ./Drivers/STM32F4xx_HAL_Driver/Src/stm32f4xx_hal_tim.o
LOAD ./Drivers/STM32F4xx_HAL_Driver/Src/stm32f4xx_hal_tim_ex.o
START GROUP
LOAD C:/ST/STM32CubeIDE_1.13.2/STM32CubeIDE/plugins/com.st.stm32cube.ide.mcu.externaltools.gnu-tools-for-stm32.11.3.rel1.win32_1.1.1.202309131626/tools/bin/../lib/gcc/arm-none-eabi/11.3.1/../../../../arm-none-eabi/lib/thumb/v7e-m+fp/hard\libc_nano.a
LOAD C:/ST/STM32CubeIDE_1.13.2/STM32CubeIDE/plugins/com.st.stm32cube.ide.mcu.externaltools.gnu-tools-for-stm32.11.3.rel1.win32_1.1.1.202309131626/tools/bin/../lib/gcc/arm-none-eabi/11.3.1/../../../../arm-none-eabi/lib/thumb/v7e-m+fp/hard\libm.a
END GROUP
START GROUP
LOAD C:/ST/STM32CubeIDE_1.13.2/STM32CubeIDE/plugins/com.st.stm32cube.ide.mcu.externaltools.gnu-tools-for-stm32.11.3.rel1.win32_1.1.1.202309131626/tools/bin/../lib/gcc/arm-none-eabi/11.3.1/thumb/v7e-m+fp/hard\libgcc.a
LOAD C:/ST/STM32CubeIDE_1.13.2/STM32CubeIDE/plugins/com.st.stm32cube.ide.mcu.externaltools.gnu-tools-for-stm32.11.3.rel1.win32_1.1.1.202309131626/tools/bin/../lib/gcc/arm-none-eabi/11.3.1/../../../../arm-none-eabi/lib/thumb/v7e-m+fp/hard\libc_nano.a
END GROUP
START GROUP
LOAD C:/ST/STM32CubeIDE_1.13.2/STM32CubeIDE/plugins/com.st.stm32cube.ide.mcu.externaltools.gnu-tools-for-stm32.11.3.rel1.win32_1.1.1.202309131626/tools/bin/../lib/gcc/arm-none-eabi/11.3.1/thumb/v7e-m+fp/hard\libgcc.a
LOAD C:/ST/STM32CubeIDE_1.13.2/STM32CubeIDE/plugins/com.st.stm32cube.ide.mcu.externaltools.gnu-tools-for-stm32.11.3.rel1.win32_1.1.1.202309131626/tools/bin/../lib/gcc/arm-none-eabi/11.3.1/../../../../arm-none-eabi/lib/thumb/v7e-m+fp/hard\libc_nano.a
LOAD C:/ST/STM32CubeIDE_1.13.2/STM32CubeIDE/plugins/com.st.stm32cube.ide.mcu.externaltools.gnu-tools-for-stm32.11.3.rel1.win32_1.1.1.202309131626/tools/bin/../lib/gcc/arm-none-eabi/11.3.1/../../../../arm-none-eabi/lib/thumb/v7e-m+fp/hard\libnosys.a
END GROUP
START GROUP
LOAD C:/ST/STM32CubeIDE_1.13.2/STM32CubeIDE/plugins/com.st.stm32cube.ide.mcu.externaltools.gnu-tools-for-stm32.11.3.rel1.win32_1.1.1.202309131626/tools/bin/../lib/gcc/arm-none-eabi/11.3.1/thumb/v7e-m+fp/hard\libgcc.a
LOAD C:/ST/STM32CubeIDE_1.13.2/STM32CubeIDE/plugins/com.st.stm32cube.ide.mcu.externaltools.gnu-tools-for-stm32.11.3.rel1.win32_1.1.1.202309131626/tools/bin/../lib/gcc/arm-none-eabi/11.3.1/../../../../arm-none-eabi/lib/thumb/v7e-m+fp/hard\libc_nano.a
LOAD C:/ST/STM32CubeIDE_1.13.2/STM32CubeIDE/plugins/com.st.stm32cube.ide.mcu.externaltools.gnu-tools-for-stm32.11.3.rel1.win32_1.1.1.202309131626/tools/bin/../lib/gcc/arm-none-eabi/11.3.1/../../../../arm-none-eabi/lib/thumb/v7e-m+fp/hard\libnosys.a
END GROUP
LOAD C:/ST/STM32CubeIDE_1.13.2/STM32CubeIDE/plugins/com.st.stm32cube.ide.mcu.externaltools.gnu-tools-for-stm32.11.3.rel1.win32_1.1.1.202309131626/tools/bin/../lib/gcc/arm-none-eabi/11.3.1/thumb/v7e-m+fp/hard/crtend.o
LOAD C:/ST/STM32CubeIDE_1.13.2/STM32CubeIDE/plugins/com.st.stm32cube.ide.mcu.externaltools.gnu-tools-for-stm32.11.3.rel1.win32_1.1.1.202309131626/tools/bin/../lib/gcc/arm-none-eabi/11.3.1/thumb/v7e-m+fp/hard/crtn.o
                0x0000000020020000                _estack = (ORIGIN (RAM) + LENGTH (RAM))
                0x0000000000000200                _Min_Heap_Size = 0x200
                0x0000000000000400                _Min_Stack_Size = 0x400

.isr_vector     0x0000000008000000      0x188
                0x0000000008000000                . = ALIGN (0x4)
 *(.isr_vector)
 .isr_vector    0x0000000008000000      0x188 ./Core/Startup/startup_stm32f407zgtx.o
                0x0000000008000000                g_pfnVectors
                0x0000000008000188                . = ALIGN (0x4)

.text           0x0000000008000188     0x5288
                0x0000000008000188                . = ALIGN (0x4)
 *(.text)
 .text          0x0000000008000188       0x40 C:/ST/STM32CubeIDE_1.13.2/STM32CubeIDE/plugins/com.st.stm32cube.ide.mcu.externaltools.gnu-tools-for-stm32.11.3.rel1.win32_1.1.1.202309131626/tools/bin/../lib/gcc/arm-none-eabi/11.3.1/thumb/v7e-m+fp/hard/crtbegin.o
 .text          0x00000000080001c8      0x378 C:/ST/STM32CubeIDE_1.13.2/STM32CubeIDE/plugins/com.st.stm32cube.ide.mcu.externaltools.gnu-tools-for-stm32.11.3.rel1.win32_1.1.1.202309131626/tools/bin/../lib/gcc/arm-none-eabi/11.3.1/thumb/v7e-m+fp/hard\libgcc.a(_arm_addsubdf3.o)
                0x00000000080001c8                __aeabi_drsub
                0x00000000080001d0                __aeabi_dsub
                0x00000000080001d0                __subdf3
                0x00000000080001d4                __aeabi_dadd
                0x00000000080001d4                __adddf3
                0x000000000800044c                __floatunsidf
                0x000000000800044c                __aeabi_ui2d
                0x000000000800046c                __floatsidf
                0x000000000800046c                __aeabi_i2d
                0x0000000008000490                __aeabi_f2d
                0x0000000008000490                __extendsfdf2
                0x00000000080004d4                __floatundidf
                0x00000000080004d4                __aeabi_ul2d
                0x00000000080004e4                __floatdidf
                0x00000000080004e4                __aeabi_l2d
 .text          0x0000000008000540      0x424 C:/ST/STM32CubeIDE_1.13.2/STM32CubeIDE/plugins/com.st.stm32cube.ide.mcu.externaltools.gnu-tools-for-stm32.11.3.rel1.win32_1.1.1.202309131626/tools/bin/../lib/gcc/arm-none-eabi/11.3.1/thumb/v7e-m+fp/hard\libgcc.a(_arm_muldivdf3.o)
                0x0000000008000540                __aeabi_dmul
                0x0000000008000540                __muldf3
                0x0000000008000794                __divdf3
                0x0000000008000794                __aeabi_ddiv
 .text          0x0000000008000964       0x50 C:/ST/STM32CubeIDE_1.13.2/STM32CubeIDE/plugins/com.st.stm32cube.ide.mcu.externaltools.gnu-tools-for-stm32.11.3.rel1.win32_1.1.1.202309131626/tools/bin/../lib/gcc/arm-none-eabi/11.3.1/thumb/v7e-m+fp/hard\libgcc.a(_arm_fixdfsi.o)
                0x0000000008000964                __aeabi_d2iz
                0x0000000008000964                __fixdfsi
 .text          0x00000000080009b4       0x30 C:/ST/STM32CubeIDE_1.13.2/STM32CubeIDE/plugins/com.st.stm32cube.ide.mcu.externaltools.gnu-tools-for-stm32.11.3.rel1.win32_1.1.1.202309131626/tools/bin/../lib/gcc/arm-none-eabi/11.3.1/thumb/v7e-m+fp/hard\libgcc.a(_aeabi_uldivmod.o)
                0x00000000080009b4                __aeabi_uldivmod
 .text          0x00000000080009e4      0x2c8 C:/ST/STM32CubeIDE_1.13.2/STM32CubeIDE/plugins/com.st.stm32cube.ide.mcu.externaltools.gnu-tools-for-stm32.11.3.rel1.win32_1.1.1.202309131626/tools/bin/../lib/gcc/arm-none-eabi/11.3.1/thumb/v7e-m+fp/hard\libgcc.a(_udivmoddi4.o)
                0x00000000080009e4                __udivmoddi4
 .text          0x0000000008000cac        0x4 C:/ST/STM32CubeIDE_1.13.2/STM32CubeIDE/plugins/com.st.stm32cube.ide.mcu.externaltools.gnu-tools-for-stm32.11.3.rel1.win32_1.1.1.202309131626/tools/bin/../lib/gcc/arm-none-eabi/11.3.1/thumb/v7e-m+fp/hard\libgcc.a(_dvmd_tls.o)
                0x0000000008000cac                __aeabi_idiv0
                0x0000000008000cac                __aeabi_ldiv0
 *(.text*)
 .text.actorA_ctor
                0x0000000008000cb0       0x44 ./Core/Src/actorA.o
                0x0000000008000cb0                actorA_ctor
 .text.actorA_initial
                0x0000000008000cf4       0x4c ./Core/Src/actorA.o
 .text.actorA_S00
                0x0000000008000d40      0x2ac ./Core/Src/actorA.o
 .text.QF_onStartup
                0x0000000008000fec        0xe ./Core/Src/bsp.o
                0x0000000008000fec                QF_onStartup
 .text.QV_onIdle
                0x0000000008000ffa       0x14 ./Core/Src/bsp.o
                0x0000000008000ffa                QV_onIdle
 .text.Q_onAssert
                0x000000000800100e       0x16 ./Core/Src/bsp.o
                0x000000000800100e                Q_onAssert
 .text.main     0x0000000008001024       0x80 ./Core/Src/main.o
                0x0000000008001024                main
 .text.SystemClock_Config
                0x00000000080010a4       0xbc ./Core/Src/main.o
                0x00000000080010a4                SystemClock_Config
 .text.MX_I2C2_Init
                0x0000000008001160       0x5c ./Core/Src/main.o
 .text.MX_TIM4_Init
                0x00000000080011bc       0xb4 ./Core/Src/main.o
 .text.MX_GPIO_Init
                0x0000000008001270      0x1a8 ./Core/Src/main.o
 .text.Error_Handler
                0x0000000008001418        0xa ./Core/Src/main.o
                0x0000000008001418                Error_Handler
 *fill*         0x0000000008001422        0x2 
 .text.HAL_MspInit
                0x0000000008001424       0x50 ./Core/Src/stm32f4xx_hal_msp.o
                0x0000000008001424                HAL_MspInit
 .text.HAL_I2C_MspInit
                0x0000000008001474       0x90 ./Core/Src/stm32f4xx_hal_msp.o
                0x0000000008001474                HAL_I2C_MspInit
 .text.HAL_TIM_PWM_MspInit
                0x0000000008001504       0x44 ./Core/Src/stm32f4xx_hal_msp.o
                0x0000000008001504                HAL_TIM_PWM_MspInit
 .text.HAL_TIM_MspPostInit
                0x0000000008001548       0x74 ./Core/Src/stm32f4xx_hal_msp.o
                0x0000000008001548                HAL_TIM_MspPostInit
 .text.NMI_Handler
                0x00000000080015bc        0x6 ./Core/Src/stm32f4xx_it.o
                0x00000000080015bc                NMI_Handler
 .text.HardFault_Handler
                0x00000000080015c2        0x6 ./Core/Src/stm32f4xx_it.o
                0x00000000080015c2                HardFault_Handler
 .text.MemManage_Handler
                0x00000000080015c8        0x6 ./Core/Src/stm32f4xx_it.o
                0x00000000080015c8                MemManage_Handler
 .text.BusFault_Handler
                0x00000000080015ce        0x6 ./Core/Src/stm32f4xx_it.o
                0x00000000080015ce                BusFault_Handler
 .text.UsageFault_Handler
                0x00000000080015d4        0x6 ./Core/Src/stm32f4xx_it.o
                0x00000000080015d4                UsageFault_Handler
 .text.SVC_Handler
                0x00000000080015da        0xe ./Core/Src/stm32f4xx_it.o
                0x00000000080015da                SVC_Handler
 .text.DebugMon_Handler
                0x00000000080015e8        0xe ./Core/Src/stm32f4xx_it.o
                0x00000000080015e8                DebugMon_Handler
 .text.PendSV_Handler
                0x00000000080015f6        0xe ./Core/Src/stm32f4xx_it.o
                0x00000000080015f6                PendSV_Handler
 .text.SysTick_Handler
                0x0000000008001604       0x14 ./Core/Src/stm32f4xx_it.o
                0x0000000008001604                SysTick_Handler
 .text.SystemInit
                0x0000000008001618       0x24 ./Core/Src/system_stm32f4xx.o
                0x0000000008001618                SystemInit
 .text.Digit_Number
                0x000000000800163c       0x7c ./Core/Src/util.o
                0x000000000800163c                Digit_Number
 .text.Digit_Update
                0x00000000080016b8       0x94 ./Core/Src/util.o
 .text.Matrix_Update
                0x000000000800174c       0xa8 ./Core/Src/util.o
                0x000000000800174c                Matrix_Update
 .text.Buzz_On  0x00000000080017f4       0x14 ./Core/Src/util.o
                0x00000000080017f4                Buzz_On
 .text.Buzz_Off
                0x0000000008001808       0x14 ./Core/Src/util.o
                0x0000000008001808                Buzz_Off
 .text.Rot_Read
                0x000000000800181c       0xe0 ./Core/Src/util.o
                0x000000000800181c                Rot_Read
 .text.QHsm_ctor
                0x00000000080018fc       0x30 ./Core/Src/qf/qep_hsm.o
                0x00000000080018fc                QHsm_ctor
 .text.QHsm_top
                0x000000000800192c       0x18 ./Core/Src/qf/qep_hsm.o
                0x000000000800192c                QHsm_top
 .text.QHsm_init_
                0x0000000008001944      0x108 ./Core/Src/qf/qep_hsm.o
                0x0000000008001944                QHsm_init_
 .text.QHsm_dispatch_
                0x0000000008001a4c      0x184 ./Core/Src/qf/qep_hsm.o
                0x0000000008001a4c                QHsm_dispatch_
 .text.QHsm_tran_
                0x0000000008001bd0      0x1c8 ./Core/Src/qf/qep_hsm.o
                0x0000000008001bd0                QHsm_tran_
 .text.QPSet_insert
                0x0000000008001d98       0x2a ./Core/Src/qf/qf_actq.o
 *fill*         0x0000000008001dc2        0x2 
 .text.QActive_post_
                0x0000000008001dc4      0x114 ./Core/Src/qf/qf_actq.o
                0x0000000008001dc4                QActive_post_
 .text.QActive_postLIFO_
                0x0000000008001ed8       0xcc ./Core/Src/qf/qf_actq.o
                0x0000000008001ed8                QActive_postLIFO_
 .text.QActive_get_
                0x0000000008001fa4       0xb0 ./Core/Src/qf/qf_actq.o
                0x0000000008001fa4                QActive_get_
 .text.QF_poolInit
                0x0000000008002054       0x84 ./Core/Src/qf/qf_dyn.o
                0x0000000008002054                QF_poolInit
 .text.QF_newX_
                0x00000000080020d8       0xc8 ./Core/Src/qf/qf_dyn.o
                0x00000000080020d8                QF_newX_
 .text.QF_gc    0x00000000080021a0       0x88 ./Core/Src/qf/qf_dyn.o
                0x00000000080021a0                QF_gc
 .text.QMPool_init
                0x0000000008002228       0xe4 ./Core/Src/qf/qf_mem.o
                0x0000000008002228                QMPool_init
 .text.QMPool_get
                0x000000000800230c       0xd8 ./Core/Src/qf/qf_mem.o
                0x000000000800230c                QMPool_get
 .text.QMPool_put
                0x00000000080023e4       0x70 ./Core/Src/qf/qf_mem.o
                0x00000000080023e4                QMPool_put
 .text.QF_bzero
                0x0000000008002454       0x3a ./Core/Src/qf/qf_qact.o
                0x0000000008002454                QF_bzero
 *fill*         0x000000000800248e        0x2 
 .text.QActive_ctor
                0x0000000008002490       0x30 ./Core/Src/qf/qf_qact.o
                0x0000000008002490                QActive_ctor
 .text.QActive_register_
                0x00000000080024c0      0x104 ./Core/Src/qf/qf_qact.o
                0x00000000080024c0                QActive_register_
 .text.QEQueue_init
                0x00000000080025c4       0x54 ./Core/Src/qf/qf_qeq.o
                0x00000000080025c4                QEQueue_init
 .text.QTimeEvt_ctorX
                0x0000000008002618       0x60 ./Core/Src/qf/qf_time.o
                0x0000000008002618                QTimeEvt_ctorX
 .text.QTimeEvt_armX
                0x0000000008002678       0xbc ./Core/Src/qf/qf_time.o
                0x0000000008002678                QTimeEvt_armX
 .text.QTimeEvt_tick_
                0x0000000008002734      0x148 ./Core/Src/qf/qf_time.o
                0x0000000008002734                QTimeEvt_tick_
 .text.QPSet_notEmpty
                0x000000000800287c       0x22 ./Core/Src/qv/qv.o
 .text.QPSet_remove
                0x000000000800289e       0x2c ./Core/Src/qv/qv.o
 .text.QPSet_findMax
                0x00000000080028ca       0x20 ./Core/Src/qv/qv.o
 *fill*         0x00000000080028ea        0x2 
 .text.QF_init  0x00000000080028ec       0x3c ./Core/Src/qv/qv.o
                0x00000000080028ec                QF_init
 .text.QF_run   0x0000000008002928       0x88 ./Core/Src/qv/qv.o
                0x0000000008002928                QF_run
 .text.QActive_start_
                0x00000000080029b0       0x74 ./Core/Src/qv/qv.o
                0x00000000080029b0                QActive_start_
 .text.Reset_Handler
                0x0000000008002a24       0x50 ./Core/Startup/startup_stm32f407zgtx.o
                0x0000000008002a24                Reset_Handler
 .text.Default_Handler
                0x0000000008002a74        0x2 ./Core/Startup/startup_stm32f407zgtx.o
                0x0000000008002a74                RTC_Alarm_IRQHandler
                0x0000000008002a74                HASH_RNG_IRQHandler
                0x0000000008002a74                EXTI2_IRQHandler
                0x0000000008002a74                TIM8_CC_IRQHandler
                0x0000000008002a74                TIM1_CC_IRQHandler
                0x0000000008002a74                DMA2_Stream5_IRQHandler
                0x0000000008002a74                DMA1_Stream5_IRQHandler
                0x0000000008002a74                PVD_IRQHandler
                0x0000000008002a74                SDIO_IRQHandler
                0x0000000008002a74                TAMP_STAMP_IRQHandler
                0x0000000008002a74                CAN2_RX1_IRQHandler
                0x0000000008002a74                EXTI3_IRQHandler
                0x0000000008002a74                TIM8_TRG_COM_TIM14_IRQHandler
                0x0000000008002a74                TIM1_UP_TIM10_IRQHandler
                0x0000000008002a74                TIM8_UP_TIM13_IRQHandler
                0x0000000008002a74                I2C3_ER_IRQHandler
                0x0000000008002a74                EXTI0_IRQHandler
                0x0000000008002a74                I2C2_EV_IRQHandler
                0x0000000008002a74                DMA1_Stream2_IRQHandler
                0x0000000008002a74                CAN1_RX0_IRQHandler
                0x0000000008002a74                FPU_IRQHandler
                0x0000000008002a74                OTG_HS_WKUP_IRQHandler
                0x0000000008002a74                CAN2_SCE_IRQHandler
                0x0000000008002a74                DMA2_Stream2_IRQHandler
                0x0000000008002a74                SPI1_IRQHandler
                0x0000000008002a74                TIM6_DAC_IRQHandler
                0x0000000008002a74                TIM1_BRK_TIM9_IRQHandler
                0x0000000008002a74                DCMI_IRQHandler
                0x0000000008002a74                CAN2_RX0_IRQHandler
                0x0000000008002a74                DMA2_Stream3_IRQHandler
                0x0000000008002a74                USART6_IRQHandler
                0x0000000008002a74                USART3_IRQHandler
                0x0000000008002a74                CAN1_RX1_IRQHandler
                0x0000000008002a74                UART5_IRQHandler
                0x0000000008002a74                DMA2_Stream0_IRQHandler
                0x0000000008002a74                TIM4_IRQHandler
                0x0000000008002a74                I2C1_EV_IRQHandler
                0x0000000008002a74                DMA1_Stream6_IRQHandler
                0x0000000008002a74                DMA1_Stream1_IRQHandler
                0x0000000008002a74                UART4_IRQHandler
                0x0000000008002a74                TIM3_IRQHandler
                0x0000000008002a74                RCC_IRQHandler
                0x0000000008002a74                TIM8_BRK_TIM12_IRQHandler
                0x0000000008002a74                Default_Handler
                0x0000000008002a74                EXTI15_10_IRQHandler
                0x0000000008002a74                ADC_IRQHandler
                0x0000000008002a74                DMA1_Stream7_IRQHandler
                0x0000000008002a74                TIM7_IRQHandler
                0x0000000008002a74                CAN2_TX_IRQHandler
                0x0000000008002a74                TIM5_IRQHandler
                0x0000000008002a74                DMA2_Stream7_IRQHandler
                0x0000000008002a74                I2C3_EV_IRQHandler
                0x0000000008002a74                EXTI9_5_IRQHandler
                0x0000000008002a74                RTC_WKUP_IRQHandler
                0x0000000008002a74                ETH_WKUP_IRQHandler
                0x0000000008002a74                SPI2_IRQHandler
                0x0000000008002a74                OTG_HS_EP1_IN_IRQHandler
                0x0000000008002a74                DMA1_Stream0_IRQHandler
                0x0000000008002a74                CAN1_TX_IRQHandler
                0x0000000008002a74                EXTI4_IRQHandler
                0x0000000008002a74                FSMC_IRQHandler
                0x0000000008002a74                ETH_IRQHandler
                0x0000000008002a74                OTG_HS_EP1_OUT_IRQHandler
                0x0000000008002a74                WWDG_IRQHandler
                0x0000000008002a74                TIM2_IRQHandler
                0x0000000008002a74                OTG_FS_WKUP_IRQHandler
                0x0000000008002a74                TIM1_TRG_COM_TIM11_IRQHandler
                0x0000000008002a74                OTG_HS_IRQHandler
                0x0000000008002a74                EXTI1_IRQHandler
                0x0000000008002a74                USART2_IRQHandler
                0x0000000008002a74                I2C2_ER_IRQHandler
                0x0000000008002a74                DMA2_Stream1_IRQHandler
                0x0000000008002a74                CAN1_SCE_IRQHandler
                0x0000000008002a74                FLASH_IRQHandler
                0x0000000008002a74                DMA2_Stream4_IRQHandler
                0x0000000008002a74                USART1_IRQHandler
                0x0000000008002a74                OTG_FS_IRQHandler
                0x0000000008002a74                SPI3_IRQHandler
                0x0000000008002a74                DMA1_Stream4_IRQHandler
                0x0000000008002a74                I2C1_ER_IRQHandler
                0x0000000008002a74                DMA2_Stream6_IRQHandler
                0x0000000008002a74                DMA1_Stream3_IRQHandler
 *fill*         0x0000000008002a76        0x2 
 .text.QV_init  0x0000000008002a78       0x7c ./Core/qv/gnu/qv_port.o
                0x0000000008002a78                QV_init
 .text.HAL_Init
                0x0000000008002af4       0x44 ./Drivers/STM32F4xx_HAL_Driver/Src/stm32f4xx_hal.o
                0x0000000008002af4                HAL_Init
 .text.HAL_InitTick
                0x0000000008002b38       0x60 ./Drivers/STM32F4xx_HAL_Driver/Src/stm32f4xx_hal.o
                0x0000000008002b38                HAL_InitTick
 .text.HAL_IncTick
                0x0000000008002b98       0x28 ./Drivers/STM32F4xx_HAL_Driver/Src/stm32f4xx_hal.o
                0x0000000008002b98                HAL_IncTick
 .text.HAL_GetTick
                0x0000000008002bc0       0x18 ./Drivers/STM32F4xx_HAL_Driver/Src/stm32f4xx_hal.o
                0x0000000008002bc0                HAL_GetTick
 .text.__NVIC_SetPriorityGrouping
                0x0000000008002bd8       0x48 ./Drivers/STM32F4xx_HAL_Driver/Src/stm32f4xx_hal_cortex.o
 .text.__NVIC_GetPriorityGrouping
                0x0000000008002c20       0x1c ./Drivers/STM32F4xx_HAL_Driver/Src/stm32f4xx_hal_cortex.o
 .text.__NVIC_SetPriority
                0x0000000008002c3c       0x54 ./Drivers/STM32F4xx_HAL_Driver/Src/stm32f4xx_hal_cortex.o
 .text.NVIC_EncodePriority
                0x0000000008002c90       0x66 ./Drivers/STM32F4xx_HAL_Driver/Src/stm32f4xx_hal_cortex.o
 *fill*         0x0000000008002cf6        0x2 
 .text.SysTick_Config
                0x0000000008002cf8       0x44 ./Drivers/STM32F4xx_HAL_Driver/Src/stm32f4xx_hal_cortex.o
 .text.HAL_NVIC_SetPriorityGrouping
                0x0000000008002d3c       0x16 ./Drivers/STM32F4xx_HAL_Driver/Src/stm32f4xx_hal_cortex.o
                0x0000000008002d3c                HAL_NVIC_SetPriorityGrouping
 .text.HAL_NVIC_SetPriority
                0x0000000008002d52       0x38 ./Drivers/STM32F4xx_HAL_Driver/Src/stm32f4xx_hal_cortex.o
                0x0000000008002d52                HAL_NVIC_SetPriority
 .text.HAL_SYSTICK_Config
                0x0000000008002d8a       0x18 ./Drivers/STM32F4xx_HAL_Driver/Src/stm32f4xx_hal_cortex.o
                0x0000000008002d8a                HAL_SYSTICK_Config
 *fill*         0x0000000008002da2        0x2 
 .text.HAL_GPIO_Init
                0x0000000008002da4      0x338 ./Drivers/STM32F4xx_HAL_Driver/Src/stm32f4xx_hal_gpio.o
                0x0000000008002da4                HAL_GPIO_Init
 .text.HAL_GPIO_ReadPin
                0x00000000080030dc       0x30 ./Drivers/STM32F4xx_HAL_Driver/Src/stm32f4xx_hal_gpio.o
                0x00000000080030dc                HAL_GPIO_ReadPin
 .text.HAL_GPIO_WritePin
                0x000000000800310c       0x32 ./Drivers/STM32F4xx_HAL_Driver/Src/stm32f4xx_hal_gpio.o
                0x000000000800310c                HAL_GPIO_WritePin
 .text.HAL_GPIO_TogglePin
                0x000000000800313e       0x34 ./Drivers/STM32F4xx_HAL_Driver/Src/stm32f4xx_hal_gpio.o
                0x000000000800313e                HAL_GPIO_TogglePin
 *fill*         0x0000000008003172        0x2 
 .text.HAL_I2C_Init
                0x0000000008003174      0x288 ./Drivers/STM32F4xx_HAL_Driver/Src/stm32f4xx_hal_i2c.o
                0x0000000008003174                HAL_I2C_Init
 .text.HAL_I2C_Master_Transmit
                0x00000000080033fc      0x1fc ./Drivers/STM32F4xx_HAL_Driver/Src/stm32f4xx_hal_i2c.o
                0x00000000080033fc                HAL_I2C_Master_Transmit
 .text.HAL_I2C_Master_Receive
                0x00000000080035f8      0x44c ./Drivers/STM32F4xx_HAL_Driver/Src/stm32f4xx_hal_i2c.o
                0x00000000080035f8                HAL_I2C_Master_Receive
 .text.I2C_MasterRequestWrite
                0x0000000008003a44      0x104 ./Drivers/STM32F4xx_HAL_Driver/Src/stm32f4xx_hal_i2c.o
 .text.I2C_MasterRequestRead
                0x0000000008003b48      0x19c ./Drivers/STM32F4xx_HAL_Driver/Src/stm32f4xx_hal_i2c.o
 .text.I2C_WaitOnFlagUntilTimeout
                0x0000000008003ce4       0xae ./Drivers/STM32F4xx_HAL_Driver/Src/stm32f4xx_hal_i2c.o
 .text.I2C_WaitOnMasterAddressFlagUntilTimeout
                0x0000000008003d92       0xfe ./Drivers/STM32F4xx_HAL_Driver/Src/stm32f4xx_hal_i2c.o
 .text.I2C_WaitOnTXEFlagUntilTimeout
                0x0000000008003e90       0x82 ./Drivers/STM32F4xx_HAL_Driver/Src/stm32f4xx_hal_i2c.o
 .text.I2C_WaitOnBTFFlagUntilTimeout
                0x0000000008003f12       0x82 ./Drivers/STM32F4xx_HAL_Driver/Src/stm32f4xx_hal_i2c.o
 .text.I2C_WaitOnRXNEFlagUntilTimeout
                0x0000000008003f94       0xac ./Drivers/STM32F4xx_HAL_Driver/Src/stm32f4xx_hal_i2c.o
 .text.I2C_IsAcknowledgeFailed
                0x0000000008004040       0x5e ./Drivers/STM32F4xx_HAL_Driver/Src/stm32f4xx_hal_i2c.o
 *fill*         0x000000000800409e        0x2 
 .text.HAL_RCC_OscConfig
                0x00000000080040a0      0x4f0 ./Drivers/STM32F4xx_HAL_Driver/Src/stm32f4xx_hal_rcc.o
                0x00000000080040a0                HAL_RCC_OscConfig
 .text.HAL_RCC_ClockConfig
                0x0000000008004590      0x1cc ./Drivers/STM32F4xx_HAL_Driver/Src/stm32f4xx_hal_rcc.o
                0x0000000008004590                HAL_RCC_ClockConfig
 .text.HAL_RCC_GetSysClockFreq
                0x000000000800475c      0x18c ./Drivers/STM32F4xx_HAL_Driver/Src/stm32f4xx_hal_rcc.o
                0x000000000800475c                HAL_RCC_GetSysClockFreq
 .text.HAL_RCC_GetHCLKFreq
                0x00000000080048e8       0x18 ./Drivers/STM32F4xx_HAL_Driver/Src/stm32f4xx_hal_rcc.o
                0x00000000080048e8                HAL_RCC_GetHCLKFreq
 .text.HAL_RCC_GetPCLK1Freq
                0x0000000008004900       0x28 ./Drivers/STM32F4xx_HAL_Driver/Src/stm32f4xx_hal_rcc.o
                0x0000000008004900                HAL_RCC_GetPCLK1Freq
 .text.HAL_TIM_PWM_Init
                0x0000000008004928       0x9e ./Drivers/STM32F4xx_HAL_Driver/Src/stm32f4xx_hal_tim.o
                0x0000000008004928                HAL_TIM_PWM_Init
 *fill*         0x00000000080049c6        0x2 
 .text.HAL_TIM_PWM_Start
                0x00000000080049c8      0x190 ./Drivers/STM32F4xx_HAL_Driver/Src/stm32f4xx_hal_tim.o
                0x00000000080049c8                HAL_TIM_PWM_Start
 .text.HAL_TIM_PWM_Stop
                0x0000000008004b58       0xe0 ./Drivers/STM32F4xx_HAL_Driver/Src/stm32f4xx_hal_tim.o
                0x0000000008004b58                HAL_TIM_PWM_Stop
 .text.HAL_TIM_PWM_ConfigChannel
                0x0000000008004c38      0x184 ./Drivers/STM32F4xx_HAL_Driver/Src/stm32f4xx_hal_tim.o
                0x0000000008004c38                HAL_TIM_PWM_ConfigChannel
 .text.TIM_Base_SetConfig
                0x0000000008004dbc      0x140 ./Drivers/STM32F4xx_HAL_Driver/Src/stm32f4xx_hal_tim.o
                0x0000000008004dbc                TIM_Base_SetConfig
 .text.TIM_OC1_SetConfig
                0x0000000008004efc       0xe0 ./Drivers/STM32F4xx_HAL_Driver/Src/stm32f4xx_hal_tim.o
 .text.TIM_OC2_SetConfig
                0x0000000008004fdc       0xec ./Drivers/STM32F4xx_HAL_Driver/Src/stm32f4xx_hal_tim.o
                0x0000000008004fdc                TIM_OC2_SetConfig
 .text.TIM_OC3_SetConfig
                0x00000000080050c8       0xe8 ./Drivers/STM32F4xx_HAL_Driver/Src/stm32f4xx_hal_tim.o
 .text.TIM_OC4_SetConfig
                0x00000000080051b0       0xac ./Drivers/STM32F4xx_HAL_Driver/Src/stm32f4xx_hal_tim.o
 .text.TIM_CCxChannelCmd
                0x000000000800525c       0x4a ./Drivers/STM32F4xx_HAL_Driver/Src/stm32f4xx_hal_tim.o
                0x000000000800525c                TIM_CCxChannelCmd
 *fill*         0x00000000080052a6        0x2 
 .text.HAL_TIMEx_MasterConfigSynchronization
                0x00000000080052a8       0xf8 ./Drivers/STM32F4xx_HAL_Driver/Src/stm32f4xx_hal_tim_ex.o
                0x00000000080052a8                HAL_TIMEx_MasterConfigSynchronization
 .text.memset   0x00000000080053a0       0x10 C:/ST/STM32CubeIDE_1.13.2/STM32CubeIDE/plugins/com.st.stm32cube.ide.mcu.externaltools.gnu-tools-for-stm32.11.3.rel1.win32_1.1.1.202309131626/tools/bin/../lib/gcc/arm-none-eabi/11.3.1/../../../../arm-none-eabi/lib/thumb/v7e-m+fp/hard\libc_nano.a(libc_a-memset.o)
                0x00000000080053a0                memset
 .text.__libc_init_array
                0x00000000080053b0       0x48 C:/ST/STM32CubeIDE_1.13.2/STM32CubeIDE/plugins/com.st.stm32cube.ide.mcu.externaltools.gnu-tools-for-stm32.11.3.rel1.win32_1.1.1.202309131626/tools/bin/../lib/gcc/arm-none-eabi/11.3.1/../../../../arm-none-eabi/lib/thumb/v7e-m+fp/hard\libc_nano.a(libc_a-init.o)
                0x00000000080053b0                __libc_init_array
 *(.glue_7)
 .glue_7        0x00000000080053f8        0x0 linker stubs
 *(.glue_7t)
 .glue_7t       0x00000000080053f8        0x0 linker stubs
 *(.eh_frame)
 .eh_frame      0x00000000080053f8        0x0 C:/ST/STM32CubeIDE_1.13.2/STM32CubeIDE/plugins/com.st.stm32cube.ide.mcu.externaltools.gnu-tools-for-stm32.11.3.rel1.win32_1.1.1.202309131626/tools/bin/../lib/gcc/arm-none-eabi/11.3.1/thumb/v7e-m+fp/hard/crtbegin.o
 *(.init)
 .init          0x00000000080053f8        0x4 C:/ST/STM32CubeIDE_1.13.2/STM32CubeIDE/plugins/com.st.stm32cube.ide.mcu.externaltools.gnu-tools-for-stm32.11.3.rel1.win32_1.1.1.202309131626/tools/bin/../lib/gcc/arm-none-eabi/11.3.1/thumb/v7e-m+fp/hard/crti.o
                0x00000000080053f8                _init
 .init          0x00000000080053fc        0x8 C:/ST/STM32CubeIDE_1.13.2/STM32CubeIDE/plugins/com.st.stm32cube.ide.mcu.externaltools.gnu-tools-for-stm32.11.3.rel1.win32_1.1.1.202309131626/tools/bin/../lib/gcc/arm-none-eabi/11.3.1/thumb/v7e-m+fp/hard/crtn.o
 *(.fini)
 .fini          0x0000000008005404        0x4 C:/ST/STM32CubeIDE_1.13.2/STM32CubeIDE/plugins/com.st.stm32cube.ide.mcu.externaltools.gnu-tools-for-stm32.11.3.rel1.win32_1.1.1.202309131626/tools/bin/../lib/gcc/arm-none-eabi/11.3.1/thumb/v7e-m+fp/hard/crti.o
                0x0000000008005404                _fini
 .fini          0x0000000008005408        0x8 C:/ST/STM32CubeIDE_1.13.2/STM32CubeIDE/plugins/com.st.stm32cube.ide.mcu.externaltools.gnu-tools-for-stm32.11.3.rel1.win32_1.1.1.202309131626/tools/bin/../lib/gcc/arm-none-eabi/11.3.1/thumb/v7e-m+fp/hard/crtn.o
                0x0000000008005410                . = ALIGN (0x4)
                0x0000000008005410                _etext = .

.vfp11_veneer   0x0000000008005410        0x0
 .vfp11_veneer  0x0000000008005410        0x0 linker stubs

.v4_bx          0x0000000008005410        0x0
 .v4_bx         0x0000000008005410        0x0 linker stubs

.iplt           0x0000000008005410        0x0
 .iplt          0x0000000008005410        0x0 C:/ST/STM32CubeIDE_1.13.2/STM32CubeIDE/plugins/com.st.stm32cube.ide.mcu.externaltools.gnu-tools-for-stm32.11.3.rel1.win32_1.1.1.202309131626/tools/bin/../lib/gcc/arm-none-eabi/11.3.1/thumb/v7e-m+fp/hard/crtbegin.o

.rodata         0x0000000008005410       0x9c
                0x0000000008005410                . = ALIGN (0x4)
 *(.rodata)
 *(.rodata*)
 .rodata.AO_actorA
                0x0000000008005410        0x4 ./Core/Src/actorA.o
                0x0000000008005410                AO_actorA
 .rodata.Q_this_module_
                0x0000000008005414       0x13 ./Core/Src/main.o
 *fill*         0x0000000008005427        0x1 
 .rodata.AHBPrescTable
                0x0000000008005428       0x10 ./Core/Src/system_stm32f4xx.o
                0x0000000008005428                AHBPrescTable
 .rodata.APBPrescTable
                0x0000000008005438        0x8 ./Core/Src/system_stm32f4xx.o
                0x0000000008005438                APBPrescTable
 .rodata.digits
                0x0000000008005440        0xa ./Core/Src/util.o
 *fill*         0x000000000800544a        0x2 
 .rodata.Q_this_module_
                0x000000000800544c        0x8 ./Core/Src/qf/qep_hsm.o
 .rodata.QEP_reservedEvt_
                0x0000000008005454       0x10 ./Core/Src/qf/qep_hsm.o
 .rodata.vtable.0
                0x0000000008005464        0x8 ./Core/Src/qf/qep_hsm.o
 .rodata.Q_this_module_
                0x000000000800546c        0x8 ./Core/Src/qf/qf_actq.o
 .rodata.Q_this_module_
                0x0000000008005474        0x7 ./Core/Src/qf/qf_dyn.o
 *fill*         0x000000000800547b        0x1 
 .rodata.Q_this_module_
                0x000000000800547c        0x7 ./Core/Src/qf/qf_mem.o
 *fill*         0x0000000008005483        0x1 
 .rodata.Q_this_module_
                0x0000000008005484        0x8 ./Core/Src/qf/qf_qact.o
 .rodata.vtable.0
                0x000000000800548c       0x14 ./Core/Src/qf/qf_qact.o
 .rodata.Q_this_module_
                0x00000000080054a0        0x8 ./Core/Src/qf/qf_time.o
 .rodata.Q_this_module_
                0x00000000080054a8        0x3 ./Core/Src/qv/qv.o
                0x00000000080054ac                . = ALIGN (0x4)
 *fill*         0x00000000080054ab        0x1 

.ARM.extab      0x00000000080054ac        0x0
                0x00000000080054ac                . = ALIGN (0x4)
 *(.ARM.extab* .gnu.linkonce.armextab.*)
                0x00000000080054ac                . = ALIGN (0x4)

.ARM            0x00000000080054ac        0x8
                0x00000000080054ac                . = ALIGN (0x4)
                0x00000000080054ac                __exidx_start = .
 *(.ARM.exidx*)
 .ARM.exidx     0x00000000080054ac        0x8 C:/ST/STM32CubeIDE_1.13.2/STM32CubeIDE/plugins/com.st.stm32cube.ide.mcu.externaltools.gnu-tools-for-stm32.11.3.rel1.win32_1.1.1.202309131626/tools/bin/../lib/gcc/arm-none-eabi/11.3.1/thumb/v7e-m+fp/hard\libgcc.a(_udivmoddi4.o)
                0x00000000080054b4                __exidx_end = .
                0x00000000080054b4                . = ALIGN (0x4)

.rel.dyn        0x00000000080054b4        0x0
 .rel.iplt      0x00000000080054b4        0x0 C:/ST/STM32CubeIDE_1.13.2/STM32CubeIDE/plugins/com.st.stm32cube.ide.mcu.externaltools.gnu-tools-for-stm32.11.3.rel1.win32_1.1.1.202309131626/tools/bin/../lib/gcc/arm-none-eabi/11.3.1/thumb/v7e-m+fp/hard/crtbegin.o

.preinit_array  0x00000000080054b4        0x0
                0x00000000080054b4                . = ALIGN (0x4)
                0x00000000080054b4                PROVIDE (__preinit_array_start = .)
 *(.preinit_array*)
                0x00000000080054b4                PROVIDE (__preinit_array_end = .)
                0x00000000080054b4                . = ALIGN (0x4)

.init_array     0x00000000080054b4        0x4
                0x00000000080054b4                . = ALIGN (0x4)
                0x00000000080054b4                PROVIDE (__init_array_start = .)
 *(SORT_BY_NAME(.init_array.*))
 *(.init_array*)
 .init_array    0x00000000080054b4        0x4 C:/ST/STM32CubeIDE_1.13.2/STM32CubeIDE/plugins/com.st.stm32cube.ide.mcu.externaltools.gnu-tools-for-stm32.11.3.rel1.win32_1.1.1.202309131626/tools/bin/../lib/gcc/arm-none-eabi/11.3.1/thumb/v7e-m+fp/hard/crtbegin.o
                0x00000000080054b8                PROVIDE (__init_array_end = .)
                0x00000000080054b8                . = ALIGN (0x4)

.fini_array     0x00000000080054b8        0x4
                0x00000000080054b8                . = ALIGN (0x4)
                [!provide]                        PROVIDE (__fini_array_start = .)
 *(SORT_BY_NAME(.fini_array.*))
 *(.fini_array*)
 .fini_array    0x00000000080054b8        0x4 C:/ST/STM32CubeIDE_1.13.2/STM32CubeIDE/plugins/com.st.stm32cube.ide.mcu.externaltools.gnu-tools-for-stm32.11.3.rel1.win32_1.1.1.202309131626/tools/bin/../lib/gcc/arm-none-eabi/11.3.1/thumb/v7e-m+fp/hard/crtbegin.o
                [!provide]                        PROVIDE (__fini_array_end = .)
                0x00000000080054bc                . = ALIGN (0x4)
                0x00000000080054bc                _sidata = LOADADDR (.data)

.data           0x0000000020000000       0x50 load address 0x00000000080054bc
                0x0000000020000000                . = ALIGN (0x4)
                0x0000000020000000                _sdata = .
 *(.data)
 *(.data*)
 .data.mtrx_buffA
                0x0000000020000000       0x14 ./Core/Src/actorA.o
                0x0000000020000000                mtrx_buffA
 .data.mtrx_buffC
                0x0000000020000014       0x14 ./Core/Src/actorA.o
                0x0000000020000014                mtrx_buffC
 .data.mtrx_buffD
                0x0000000020000028       0x14 ./Core/Src/actorA.o
                0x0000000020000028                mtrx_buffD
 .data.mtrx_buff
                0x000000002000003c        0x4 ./Core/Src/actorA.o
                0x000000002000003c                mtrx_buff
 .data.SystemCoreClock
                0x0000000020000040        0x4 ./Core/Src/system_stm32f4xx.o
                0x0000000020000040                SystemCoreClock
 .data.key2.3   0x0000000020000044        0x1 ./Core/Src/util.o
 .data.key3.2   0x0000000020000045        0x1 ./Core/Src/util.o
 .data.key2_prev.1
                0x0000000020000046        0x1 ./Core/Src/util.o
 .data.key3_prev.0
                0x0000000020000047        0x1 ./Core/Src/util.o
 .data.uwTickPrio
                0x0000000020000048        0x4 ./Drivers/STM32F4xx_HAL_Driver/Src/stm32f4xx_hal.o
                0x0000000020000048                uwTickPrio
 .data.uwTickFreq
                0x000000002000004c        0x1 ./Drivers/STM32F4xx_HAL_Driver/Src/stm32f4xx_hal.o
                0x000000002000004c                uwTickFreq
 *(.RamFunc)
 *(.RamFunc*)
                0x0000000020000050                . = ALIGN (0x4)
 *fill*         0x000000002000004d        0x3 
                0x0000000020000050                _edata = .
                0x000000000800550c                _siccmram = LOADADDR (.ccmram)

.igot.plt       0x0000000020000050        0x0 load address 0x000000000800550c
 .igot.plt      0x0000000020000050        0x0 C:/ST/STM32CubeIDE_1.13.2/STM32CubeIDE/plugins/com.st.stm32cube.ide.mcu.externaltools.gnu-tools-for-stm32.11.3.rel1.win32_1.1.1.202309131626/tools/bin/../lib/gcc/arm-none-eabi/11.3.1/thumb/v7e-m+fp/hard/crtbegin.o

.ccmram         0x0000000010000000        0x0 load address 0x000000000800550c
                0x0000000010000000                . = ALIGN (0x4)
                0x0000000010000000                _sccmram = .
 *(.ccmram)
 *(.ccmram*)
                0x0000000010000000                . = ALIGN (0x4)
                0x0000000010000000                _eccmram = .
                0x0000000010000000                . = ALIGN (0x4)

.bss            0x0000000020000050     0x1240
                0x0000000020000050                _sbss = .
                0x0000000020000050                __bss_start__ = _sbss
 *(.bss)
 .bss           0x0000000020000050       0x1c C:/ST/STM32CubeIDE_1.13.2/STM32CubeIDE/plugins/com.st.stm32cube.ide.mcu.externaltools.gnu-tools-for-stm32.11.3.rel1.win32_1.1.1.202309131626/tools/bin/../lib/gcc/arm-none-eabi/11.3.1/thumb/v7e-m+fp/hard/crtbegin.o
 *(.bss*)
 .bss.ev        0x000000002000006c        0x4 ./Core/Src/actorA.o
                0x000000002000006c                ev
 .bss.l_actorA  0x0000000020000070       0x50 ./Core/Src/actorA.o
 .bss.btn.4     0x00000000200000c0        0x1 ./Core/Src/actorA.o
 .bss.btn_prev.3
                0x00000000200000c1        0x1 ./Core/Src/actorA.o
 .bss.mtrx_cntr.2
                0x00000000200000c2        0x1 ./Core/Src/actorA.o
 .bss.mtrx_idx.1
                0x00000000200000c3        0x1 ./Core/Src/actorA.o
 .bss.x.0       0x00000000200000c4        0x1 ./Core/Src/actorA.o
 *fill*         0x00000000200000c5        0x3 
 .bss.hi2c2     0x00000000200000c8       0x54 ./Core/Src/main.o
                0x00000000200000c8                hi2c2
 .bss.htim4     0x000000002000011c       0x48 ./Core/Src/main.o
                0x000000002000011c                htim4
 .bss.l_blinkyQSto
                0x0000000020000164       0x28 ./Core/Src/main.o
                0x0000000020000164                l_blinkyQSto
 .bss._buff     0x000000002000018c     0x1000 ./Core/Src/main.o
                0x000000002000018c                _buff
 .bss.digit_state
                0x000000002000118c        0x2 ./Core/Src/util.o
 *fill*         0x000000002000118e        0x2 
 .bss.timer_key2
                0x0000000020001190        0x4 ./Core/Src/util.o
                0x0000000020001190                timer_key2
 .bss.timer_key3
                0x0000000020001194        0x4 ./Core/Src/util.o
                0x0000000020001194                timer_key3
 .bss.timer_enc
                0x0000000020001198        0x4 ./Core/Src/util.o
                0x0000000020001198                timer_enc
 .bss.QF_maxPool_
                0x000000002000119c        0x4 ./Core/Src/qf/qf_dyn.o
                0x000000002000119c                QF_maxPool_
 .bss.QF_ePool_
                0x00000000200011a0       0x3c ./Core/Src/qf/qf_dyn.o
                0x00000000200011a0                QF_ePool_
 .bss.QActive_registry_
                0x00000000200011dc       0x84 ./Core/Src/qf/qf_qact.o
                0x00000000200011dc                QActive_registry_
 .bss.QF_readySet_
                0x0000000020001260        0x4 ./Core/Src/qf/qf_qact.o
                0x0000000020001260                QF_readySet_
 .bss.QTimeEvt_timeEvtHead_
                0x0000000020001264       0x28 ./Core/Src/qf/qf_time.o
                0x0000000020001264                QTimeEvt_timeEvtHead_
 .bss.uwTick    0x000000002000128c        0x4 ./Drivers/STM32F4xx_HAL_Driver/Src/stm32f4xx_hal.o
                0x000000002000128c                uwTick
 *(COMMON)
                0x0000000020001290                . = ALIGN (0x4)
                0x0000000020001290                _ebss = .
                0x0000000020001290                __bss_end__ = _ebss

._user_heap_stack
                0x0000000020001290      0x600
                0x0000000020001290                . = ALIGN (0x8)
                [!provide]                        PROVIDE (end = .)
                0x0000000020001290                PROVIDE (_end = .)
                0x0000000020001490                . = (. + _Min_Heap_Size)
 *fill*         0x0000000020001290      0x200 
                0x0000000020001890                . = (. + _Min_Stack_Size)
 *fill*         0x0000000020001490      0x400 
                0x0000000020001890                . = ALIGN (0x8)

/DISCARD/
 libc.a(*)
 libm.a(*)
 libgcc.a(*)

.ARM.attributes
                0x0000000000000000       0x30
 *(.ARM.attributes)
 .ARM.attributes
                0x0000000000000000       0x1e C:/ST/STM32CubeIDE_1.13.2/STM32CubeIDE/plugins/com.st.stm32cube.ide.mcu.externaltools.gnu-tools-for-stm32.11.3.rel1.win32_1.1.1.202309131626/tools/bin/../lib/gcc/arm-none-eabi/11.3.1/thumb/v7e-m+fp/hard/crti.o
 .ARM.attributes
                0x000000000000001e       0x34 C:/ST/STM32CubeIDE_1.13.2/STM32CubeIDE/plugins/com.st.stm32cube.ide.mcu.externaltools.gnu-tools-for-stm32.11.3.rel1.win32_1.1.1.202309131626/tools/bin/../lib/gcc/arm-none-eabi/11.3.1/thumb/v7e-m+fp/hard/crtbegin.o
 .ARM.attributes
                0x0000000000000052       0x34 ./Core/Src/actorA.o
 .ARM.attributes
                0x0000000000000086       0x34 ./Core/Src/bsp.o
 .ARM.attributes
                0x00000000000000ba       0x34 ./Core/Src/main.o
 .ARM.attributes
                0x00000000000000ee       0x34 ./Core/Src/stm32f4xx_hal_msp.o
 .ARM.attributes
                0x0000000000000122       0x34 ./Core/Src/stm32f4xx_it.o
 .ARM.attributes
                0x0000000000000156       0x34 ./Core/Src/system_stm32f4xx.o
 .ARM.attributes
                0x000000000000018a       0x34 ./Core/Src/util.o
 .ARM.attributes
                0x00000000000001be       0x34 ./Core/Src/qf/qep_hsm.o
 .ARM.attributes
                0x00000000000001f2       0x34 ./Core/Src/qf/qf_actq.o
 .ARM.attributes
                0x0000000000000226       0x34 ./Core/Src/qf/qf_dyn.o
 .ARM.attributes
                0x000000000000025a       0x34 ./Core/Src/qf/qf_mem.o
 .ARM.attributes
                0x000000000000028e       0x34 ./Core/Src/qf/qf_qact.o
 .ARM.attributes
                0x00000000000002c2       0x34 ./Core/Src/qf/qf_qeq.o
 .ARM.attributes
                0x00000000000002f6       0x34 ./Core/Src/qf/qf_time.o
 .ARM.attributes
                0x000000000000032a       0x34 ./Core/Src/qv/qv.o
 .ARM.attributes
                0x000000000000035e       0x21 ./Core/Startup/startup_stm32f407zgtx.o
 .ARM.attributes
                0x000000000000037f       0x34 ./Core/qv/gnu/qv_port.o
 .ARM.attributes
                0x00000000000003b3       0x34 ./Drivers/STM32F4xx_HAL_Driver/Src/stm32f4xx_hal.o
 .ARM.attributes
                0x00000000000003e7       0x34 ./Drivers/STM32F4xx_HAL_Driver/Src/stm32f4xx_hal_cortex.o
 .ARM.attributes
                0x000000000000041b       0x34 ./Drivers/STM32F4xx_HAL_Driver/Src/stm32f4xx_hal_gpio.o
 .ARM.attributes
                0x000000000000044f       0x34 ./Drivers/STM32F4xx_HAL_Driver/Src/stm32f4xx_hal_i2c.o
 .ARM.attributes
                0x0000000000000483       0x34 ./Drivers/STM32F4xx_HAL_Driver/Src/stm32f4xx_hal_rcc.o
 .ARM.attributes
                0x00000000000004b7       0x34 ./Drivers/STM32F4xx_HAL_Driver/Src/stm32f4xx_hal_tim.o
 .ARM.attributes
                0x00000000000004eb       0x34 ./Drivers/STM32F4xx_HAL_Driver/Src/stm32f4xx_hal_tim_ex.o
 .ARM.attributes
                0x000000000000051f       0x34 C:/ST/STM32CubeIDE_1.13.2/STM32CubeIDE/plugins/com.st.stm32cube.ide.mcu.externaltools.gnu-tools-for-stm32.11.3.rel1.win32_1.1.1.202309131626/tools/bin/../lib/gcc/arm-none-eabi/11.3.1/../../../../arm-none-eabi/lib/thumb/v7e-m+fp/hard\libc_nano.a(libc_a-memset.o)
 .ARM.attributes
                0x0000000000000553       0x34 C:/ST/STM32CubeIDE_1.13.2/STM32CubeIDE/plugins/com.st.stm32cube.ide.mcu.externaltools.gnu-tools-for-stm32.11.3.rel1.win32_1.1.1.202309131626/tools/bin/../lib/gcc/arm-none-eabi/11.3.1/../../../../arm-none-eabi/lib/thumb/v7e-m+fp/hard\libc_nano.a(libc_a-init.o)
 .ARM.attributes
                0x0000000000000587       0x1e C:/ST/STM32CubeIDE_1.13.2/STM32CubeIDE/plugins/com.st.stm32cube.ide.mcu.externaltools.gnu-tools-for-stm32.11.3.rel1.win32_1.1.1.202309131626/tools/bin/../lib/gcc/arm-none-eabi/11.3.1/thumb/v7e-m+fp/hard\libgcc.a(_arm_addsubdf3.o)
 .ARM.attributes
                0x00000000000005a5       0x1e C:/ST/STM32CubeIDE_1.13.2/STM32CubeIDE/plugins/com.st.stm32cube.ide.mcu.externaltools.gnu-tools-for-stm32.11.3.rel1.win32_1.1.1.202309131626/tools/bin/../lib/gcc/arm-none-eabi/11.3.1/thumb/v7e-m+fp/hard\libgcc.a(_arm_muldivdf3.o)
 .ARM.attributes
                0x00000000000005c3       0x1e C:/ST/STM32CubeIDE_1.13.2/STM32CubeIDE/plugins/com.st.stm32cube.ide.mcu.externaltools.gnu-tools-for-stm32.11.3.rel1.win32_1.1.1.202309131626/tools/bin/../lib/gcc/arm-none-eabi/11.3.1/thumb/v7e-m+fp/hard\libgcc.a(_arm_fixdfsi.o)
 .ARM.attributes
                0x00000000000005e1       0x1e C:/ST/STM32CubeIDE_1.13.2/STM32CubeIDE/plugins/com.st.stm32cube.ide.mcu.externaltools.gnu-tools-for-stm32.11.3.rel1.win32_1.1.1.202309131626/tools/bin/../lib/gcc/arm-none-eabi/11.3.1/thumb/v7e-m+fp/hard\libgcc.a(_aeabi_uldivmod.o)
 .ARM.attributes
                0x00000000000005ff       0x34 C:/ST/STM32CubeIDE_1.13.2/STM32CubeIDE/plugins/com.st.stm32cube.ide.mcu.externaltools.gnu-tools-for-stm32.11.3.rel1.win32_1.1.1.202309131626/tools/bin/../lib/gcc/arm-none-eabi/11.3.1/thumb/v7e-m+fp/hard\libgcc.a(_udivmoddi4.o)
 .ARM.attributes
                0x0000000000000633       0x1e C:/ST/STM32CubeIDE_1.13.2/STM32CubeIDE/plugins/com.st.stm32cube.ide.mcu.externaltools.gnu-tools-for-stm32.11.3.rel1.win32_1.1.1.202309131626/tools/bin/../lib/gcc/arm-none-eabi/11.3.1/thumb/v7e-m+fp/hard\libgcc.a(_dvmd_tls.o)
 .ARM.attributes
                0x0000000000000651       0x1e C:/ST/STM32CubeIDE_1.13.2/STM32CubeIDE/plugins/com.st.stm32cube.ide.mcu.externaltools.gnu-tools-for-stm32.11.3.rel1.win32_1.1.1.202309131626/tools/bin/../lib/gcc/arm-none-eabi/11.3.1/thumb/v7e-m+fp/hard/crtn.o
OUTPUT(QFrameworkApp.elf elf32-littlearm)
LOAD linker stubs
LOAD C:/ST/STM32CubeIDE_1.13.2/STM32CubeIDE/plugins/com.st.stm32cube.ide.mcu.externaltools.gnu-tools-for-stm32.11.3.rel1.win32_1.1.1.202309131626/tools/bin/../lib/gcc/arm-none-eabi/11.3.1/../../../../arm-none-eabi/lib/thumb/v7e-m+fp/hard\libc.a
LOAD C:/ST/STM32CubeIDE_1.13.2/STM32CubeIDE/plugins/com.st.stm32cube.ide.mcu.externaltools.gnu-tools-for-stm32.11.3.rel1.win32_1.1.1.202309131626/tools/bin/../lib/gcc/arm-none-eabi/11.3.1/../../../../arm-none-eabi/lib/thumb/v7e-m+fp/hard\libm.a
LOAD C:/ST/STM32CubeIDE_1.13.2/STM32CubeIDE/plugins/com.st.stm32cube.ide.mcu.externaltools.gnu-tools-for-stm32.11.3.rel1.win32_1.1.1.202309131626/tools/bin/../lib/gcc/arm-none-eabi/11.3.1/thumb/v7e-m+fp/hard\libgcc.a

.comment        0x0000000000000000       0x43
 .comment       0x0000000000000000       0x43 C:/ST/STM32CubeIDE_1.13.2/STM32CubeIDE/plugins/com.st.stm32cube.ide.mcu.externaltools.gnu-tools-for-stm32.11.3.rel1.win32_1.1.1.202309131626/tools/bin/../lib/gcc/arm-none-eabi/11.3.1/thumb/v7e-m+fp/hard/crtbegin.o
                                         0x44 (size before relaxing)
 .comment       0x0000000000000043       0x44 ./Core/Src/actorA.o
 .comment       0x0000000000000043       0x44 ./Core/Src/bsp.o
 .comment       0x0000000000000043       0x44 ./Core/Src/main.o
 .comment       0x0000000000000043       0x44 ./Core/Src/stm32f4xx_hal_msp.o
 .comment       0x0000000000000043       0x44 ./Core/Src/stm32f4xx_it.o
 .comment       0x0000000000000043       0x44 ./Core/Src/system_stm32f4xx.o
 .comment       0x0000000000000043       0x44 ./Core/Src/util.o
 .comment       0x0000000000000043       0x44 ./Core/Src/qf/qep_hsm.o
 .comment       0x0000000000000043       0x44 ./Core/Src/qf/qf_actq.o
 .comment       0x0000000000000043       0x44 ./Core/Src/qf/qf_dyn.o
 .comment       0x0000000000000043       0x44 ./Core/Src/qf/qf_mem.o
 .comment       0x0000000000000043       0x44 ./Core/Src/qf/qf_qact.o
 .comment       0x0000000000000043       0x44 ./Core/Src/qf/qf_qeq.o
 .comment       0x0000000000000043       0x44 ./Core/Src/qf/qf_time.o
 .comment       0x0000000000000043       0x44 ./Core/Src/qv/qv.o
 .comment       0x0000000000000043       0x44 ./Core/qv/gnu/qv_port.o
 .comment       0x0000000000000043       0x44 ./Drivers/STM32F4xx_HAL_Driver/Src/stm32f4xx_hal.o
 .comment       0x0000000000000043       0x44 ./Drivers/STM32F4xx_HAL_Driver/Src/stm32f4xx_hal_cortex.o
 .comment       0x0000000000000043       0x44 ./Drivers/STM32F4xx_HAL_Driver/Src/stm32f4xx_hal_gpio.o
 .comment       0x0000000000000043       0x44 ./Drivers/STM32F4xx_HAL_Driver/Src/stm32f4xx_hal_i2c.o
 .comment       0x0000000000000043       0x44 ./Drivers/STM32F4xx_HAL_Driver/Src/stm32f4xx_hal_rcc.o
 .comment       0x0000000000000043       0x44 ./Drivers/STM32F4xx_HAL_Driver/Src/stm32f4xx_hal_tim.o
 .comment       0x0000000000000043       0x44 ./Drivers/STM32F4xx_HAL_Driver/Src/stm32f4xx_hal_tim_ex.o

.debug_info     0x0000000000000000    0x107b4
 .debug_info    0x0000000000000000     0x1051 ./Core/Src/actorA.o
 .debug_info    0x0000000000001051      0x167 ./Core/Src/bsp.o
 .debug_info    0x00000000000011b8     0x175d ./Core/Src/main.o
 .debug_info    0x0000000000002915      0xd4e ./Core/Src/stm32f4xx_hal_msp.o
 .debug_info    0x0000000000003663      0x163 ./Core/Src/stm32f4xx_it.o
 .debug_info    0x00000000000037c6      0x512 ./Core/Src/system_stm32f4xx.o
 .debug_info    0x0000000000003cd8      0x9da ./Core/Src/util.o
 .debug_info    0x00000000000046b2      0x7e2 ./Core/Src/qf/qep_hsm.o
 .debug_info    0x0000000000004e94      0xa36 ./Core/Src/qf/qf_actq.o
 .debug_info    0x00000000000058ca      0x4a5 ./Core/Src/qf/qf_dyn.o
 .debug_info    0x0000000000005d6f      0x321 ./Core/Src/qf/qf_mem.o
 .debug_info    0x0000000000006090      0x8a2 ./Core/Src/qf/qf_qact.o
 .debug_info    0x0000000000006932      0x39a ./Core/Src/qf/qf_qeq.o
 .debug_info    0x0000000000006ccc      0x990 ./Core/Src/qf/qf_time.o
 .debug_info    0x000000000000765c      0x897 ./Core/Src/qv/qv.o
 .debug_info    0x0000000000007ef3       0x23 ./Core/Startup/startup_stm32f407zgtx.o
 .debug_info    0x0000000000007f16       0xc5 ./Core/qv/gnu/qv_port.o
 .debug_info    0x0000000000007fdb      0x948 ./Drivers/STM32F4xx_HAL_Driver/Src/stm32f4xx_hal.o
 .debug_info    0x0000000000008923      0xd46 ./Drivers/STM32F4xx_HAL_Driver/Src/stm32f4xx_hal_cortex.o
 .debug_info    0x0000000000009669      0x6c3 ./Drivers/STM32F4xx_HAL_Driver/Src/stm32f4xx_hal_gpio.o
 .debug_info    0x0000000000009d2c     0x23e1 ./Drivers/STM32F4xx_HAL_Driver/Src/stm32f4xx_hal_i2c.o
 .debug_info    0x000000000000c10d      0x8b1 ./Drivers/STM32F4xx_HAL_Driver/Src/stm32f4xx_hal_rcc.o
 .debug_info    0x000000000000c9be     0x2948 ./Drivers/STM32F4xx_HAL_Driver/Src/stm32f4xx_hal_tim.o
 .debug_info    0x000000000000f306     0x14ae ./Drivers/STM32F4xx_HAL_Driver/Src/stm32f4xx_hal_tim_ex.o

.debug_abbrev   0x0000000000000000     0x33ad
 .debug_abbrev  0x0000000000000000      0x308 ./Core/Src/actorA.o
 .debug_abbrev  0x0000000000000308       0xe5 ./Core/Src/bsp.o
 .debug_abbrev  0x00000000000003ed      0x3a2 ./Core/Src/main.o
 .debug_abbrev  0x000000000000078f      0x1d4 ./Core/Src/stm32f4xx_hal_msp.o
 .debug_abbrev  0x0000000000000963       0xb3 ./Core/Src/stm32f4xx_it.o
 .debug_abbrev  0x0000000000000a16      0x11a ./Core/Src/system_stm32f4xx.o
 .debug_abbrev  0x0000000000000b30      0x265 ./Core/Src/util.o
 .debug_abbrev  0x0000000000000d95      0x33a ./Core/Src/qf/qep_hsm.o
 .debug_abbrev  0x00000000000010cf      0x2fc ./Core/Src/qf/qf_actq.o
 .debug_abbrev  0x00000000000013cb      0x23d ./Core/Src/qf/qf_dyn.o
 .debug_abbrev  0x0000000000001608      0x18c ./Core/Src/qf/qf_mem.o
 .debug_abbrev  0x0000000000001794      0x27e ./Core/Src/qf/qf_qact.o
 .debug_abbrev  0x0000000000001a12      0x174 ./Core/Src/qf/qf_qeq.o
 .debug_abbrev  0x0000000000001b86      0x32b ./Core/Src/qf/qf_time.o
 .debug_abbrev  0x0000000000001eb1      0x327 ./Core/Src/qv/qv.o
 .debug_abbrev  0x00000000000021d8       0x12 ./Core/Startup/startup_stm32f407zgtx.o
 .debug_abbrev  0x00000000000021ea       0x65 ./Core/qv/gnu/qv_port.o
 .debug_abbrev  0x000000000000224f      0x213 ./Drivers/STM32F4xx_HAL_Driver/Src/stm32f4xx_hal.o
 .debug_abbrev  0x0000000000002462      0x327 ./Drivers/STM32F4xx_HAL_Driver/Src/stm32f4xx_hal_cortex.o
 .debug_abbrev  0x0000000000002789      0x1d4 ./Drivers/STM32F4xx_HAL_Driver/Src/stm32f4xx_hal_gpio.o
 .debug_abbrev  0x000000000000295d      0x2ad ./Drivers/STM32F4xx_HAL_Driver/Src/stm32f4xx_hal_i2c.o
 .debug_abbrev  0x0000000000002c0a      0x2b6 ./Drivers/STM32F4xx_HAL_Driver/Src/stm32f4xx_hal_rcc.o
 .debug_abbrev  0x0000000000002ec0      0x271 ./Drivers/STM32F4xx_HAL_Driver/Src/stm32f4xx_hal_tim.o
 .debug_abbrev  0x0000000000003131      0x27c ./Drivers/STM32F4xx_HAL_Driver/Src/stm32f4xx_hal_tim_ex.o

.debug_aranges  0x0000000000000000      0xf50
 .debug_aranges
                0x0000000000000000       0x30 ./Core/Src/actorA.o
 .debug_aranges
                0x0000000000000030       0x40 ./Core/Src/bsp.o
 .debug_aranges
                0x0000000000000070       0x48 ./Core/Src/main.o
 .debug_aranges
                0x00000000000000b8       0x48 ./Core/Src/stm32f4xx_hal_msp.o
 .debug_aranges
                0x0000000000000100       0x60 ./Core/Src/stm32f4xx_it.o
 .debug_aranges
                0x0000000000000160       0x28 ./Core/Src/system_stm32f4xx.o
 .debug_aranges
                0x0000000000000188       0x68 ./Core/Src/util.o
 .debug_aranges
                0x00000000000001f0       0x58 ./Core/Src/qf/qep_hsm.o
 .debug_aranges
                0x0000000000000248       0x68 ./Core/Src/qf/qf_actq.o
 .debug_aranges
                0x00000000000002b0       0x50 ./Core/Src/qf/qf_dyn.o
 .debug_aranges
                0x0000000000000300       0x30 ./Core/Src/qf/qf_mem.o
 .debug_aranges
                0x0000000000000330       0x38 ./Core/Src/qf/qf_qact.o
 .debug_aranges
                0x0000000000000368       0x38 ./Core/Src/qf/qf_qeq.o
 .debug_aranges
                0x00000000000003a0       0x58 ./Core/Src/qf/qf_time.o
 .debug_aranges
                0x00000000000003f8       0x50 ./Core/Src/qv/qv.o
 .debug_aranges
                0x0000000000000448       0x28 ./Core/Startup/startup_stm32f407zgtx.o
 .debug_aranges
                0x0000000000000470       0x20 ./Core/qv/gnu/qv_port.o
 .debug_aranges
                0x0000000000000490       0xf0 ./Drivers/STM32F4xx_HAL_Driver/Src/stm32f4xx_hal.o
 .debug_aranges
                0x0000000000000580      0x118 ./Drivers/STM32F4xx_HAL_Driver/Src/stm32f4xx_hal_cortex.o
 .debug_aranges
                0x0000000000000698       0x58 ./Drivers/STM32F4xx_HAL_Driver/Src/stm32f4xx_hal_gpio.o
 .debug_aranges
                0x00000000000006f0      0x2a0 ./Drivers/STM32F4xx_HAL_Driver/Src/stm32f4xx_hal_i2c.o
 .debug_aranges
                0x0000000000000990       0x88 ./Drivers/STM32F4xx_HAL_Driver/Src/stm32f4xx_hal_rcc.o
 .debug_aranges
                0x0000000000000a18      0x3d0 ./Drivers/STM32F4xx_HAL_Driver/Src/stm32f4xx_hal_tim.o
 .debug_aranges
                0x0000000000000de8      0x168 ./Drivers/STM32F4xx_HAL_Driver/Src/stm32f4xx_hal_tim_ex.o

.debug_rnglists
                0x0000000000000000      0xbda
 .debug_rnglists
                0x0000000000000000       0x20 ./Core/Src/actorA.o
 .debug_rnglists
                0x0000000000000020       0x2b ./Core/Src/bsp.o
 .debug_rnglists
                0x000000000000004b       0x35 ./Core/Src/main.o
 .debug_rnglists
                0x0000000000000080       0x32 ./Core/Src/stm32f4xx_hal_msp.o
 .debug_rnglists
                0x00000000000000b2       0x43 ./Core/Src/stm32f4xx_it.o
 .debug_rnglists
                0x00000000000000f5       0x1a ./Core/Src/system_stm32f4xx.o
 .debug_rnglists
                0x000000000000010f       0x4d ./Core/Src/util.o
 .debug_rnglists
                0x000000000000015c       0x40 ./Core/Src/qf/qep_hsm.o
 .debug_rnglists
                0x000000000000019c       0x4c ./Core/Src/qf/qf_actq.o
 .debug_rnglists
                0x00000000000001e8       0x3a ./Core/Src/qf/qf_dyn.o
 .debug_rnglists
                0x0000000000000222       0x21 ./Core/Src/qf/qf_mem.o
 .debug_rnglists
                0x0000000000000243       0x26 ./Core/Src/qf/qf_qact.o
 .debug_rnglists
                0x0000000000000269       0x28 ./Core/Src/qf/qf_qeq.o
 .debug_rnglists
                0x0000000000000291       0x4f ./Core/Src/qf/qf_time.o
 .debug_rnglists
                0x00000000000002e0       0x38 ./Core/Src/qv/qv.o
 .debug_rnglists
                0x0000000000000318       0x19 ./Core/Startup/startup_stm32f407zgtx.o
 .debug_rnglists
                0x0000000000000331       0x13 ./Core/qv/gnu/qv_port.o
 .debug_rnglists
                0x0000000000000344       0xaf ./Drivers/STM32F4xx_HAL_Driver/Src/stm32f4xx_hal.o
 .debug_rnglists
                0x00000000000003f3       0xce ./Drivers/STM32F4xx_HAL_Driver/Src/stm32f4xx_hal_cortex.o
 .debug_rnglists
                0x00000000000004c1       0x3f ./Drivers/STM32F4xx_HAL_Driver/Src/stm32f4xx_hal_gpio.o
 .debug_rnglists
                0x0000000000000500      0x235 ./Drivers/STM32F4xx_HAL_Driver/Src/stm32f4xx_hal_i2c.o
 .debug_rnglists
                0x0000000000000735       0x66 ./Drivers/STM32F4xx_HAL_Driver/Src/stm32f4xx_hal_rcc.o
 .debug_rnglists
                0x000000000000079b      0x31a ./Drivers/STM32F4xx_HAL_Driver/Src/stm32f4xx_hal_tim.o
 .debug_rnglists
                0x0000000000000ab5      0x125 ./Drivers/STM32F4xx_HAL_Driver/Src/stm32f4xx_hal_tim_ex.o

.debug_macro    0x0000000000000000    0x20ef9
 .debug_macro   0x0000000000000000      0x27f ./Core/Src/actorA.o
 .debug_macro   0x000000000000027f      0x29b ./Core/Src/actorA.o
 .debug_macro   0x000000000000051a       0x2e ./Core/Src/actorA.o
 .debug_macro   0x0000000000000548       0x2f ./Core/Src/actorA.o
 .debug_macro   0x0000000000000577       0x22 ./Core/Src/actorA.o
 .debug_macro   0x0000000000000599       0x8e ./Core/Src/actorA.o
 .debug_macro   0x0000000000000627       0x51 ./Core/Src/actorA.o
 .debug_macro   0x0000000000000678      0x103 ./Core/Src/actorA.o
 .debug_macro   0x000000000000077b       0x6a ./Core/Src/actorA.o
 .debug_macro   0x00000000000007e5      0x1df ./Core/Src/actorA.o
 .debug_macro   0x00000000000009c4       0x1c ./Core/Src/actorA.o
 .debug_macro   0x00000000000009e0       0x22 ./Core/Src/actorA.o
 .debug_macro   0x0000000000000a02       0xd9 ./Core/Src/actorA.o
 .debug_macro   0x0000000000000adb     0x102d ./Core/Src/actorA.o
 .debug_macro   0x0000000000001b08      0x11f ./Core/Src/actorA.o
 .debug_macro   0x0000000000001c27    0x15e82 ./Core/Src/actorA.o
 .debug_macro   0x0000000000017aa9       0x6d ./Core/Src/actorA.o
 .debug_macro   0x0000000000017b16     0x367e ./Core/Src/actorA.o
 .debug_macro   0x000000000001b194      0x174 ./Core/Src/actorA.o
 .debug_macro   0x000000000001b308       0x5c ./Core/Src/actorA.o
 .debug_macro   0x000000000001b364      0x96b ./Core/Src/actorA.o
 .debug_macro   0x000000000001bccf      0x9fe ./Core/Src/actorA.o
 .debug_macro   0x000000000001c6cd      0x115 ./Core/Src/actorA.o
 .debug_macro   0x000000000001c7e2      0x13e ./Core/Src/actorA.o
 .debug_macro   0x000000000001c920       0xa5 ./Core/Src/actorA.o
 .debug_macro   0x000000000001c9c5      0x174 ./Core/Src/actorA.o
 .debug_macro   0x000000000001cb39      0x287 ./Core/Src/actorA.o
 .debug_macro   0x000000000001cdc0       0x5f ./Core/Src/actorA.o
 .debug_macro   0x000000000001ce1f      0x236 ./Core/Src/actorA.o
 .debug_macro   0x000000000001d055      0x12c ./Core/Src/actorA.o
 .debug_macro   0x000000000001d181      0x21e ./Core/Src/actorA.o
 .debug_macro   0x000000000001d39f       0x2e ./Core/Src/actorA.o
 .debug_macro   0x000000000001d3cd      0x1b5 ./Core/Src/actorA.o
 .debug_macro   0x000000000001d582       0xd6 ./Core/Src/actorA.o
 .debug_macro   0x000000000001d658      0x11a ./Core/Src/actorA.o
 .debug_macro   0x000000000001d772       0x7e ./Core/Src/actorA.o
 .debug_macro   0x000000000001d7f0       0x89 ./Core/Src/actorA.o
 .debug_macro   0x000000000001d879      0x8e6 ./Core/Src/actorA.o
 .debug_macro   0x000000000001e15f       0x47 ./Core/Src/actorA.o
 .debug_macro   0x000000000001e1a6      0x12d ./Core/Src/actorA.o
 .debug_macro   0x000000000001e2d3       0x94 ./Core/Src/actorA.o
 .debug_macro   0x000000000001e367       0x52 ./Core/Src/actorA.o
 .debug_macro   0x000000000001e3b9       0x10 ./Core/Src/actorA.o
 .debug_macro   0x000000000001e3c9       0x22 ./Core/Src/actorA.o
 .debug_macro   0x000000000001e3eb       0xed ./Core/Src/actorA.o
 .debug_macro   0x000000000001e4d8       0x1c ./Core/Src/actorA.o
 .debug_macro   0x000000000001e4f4       0x10 ./Core/Src/actorA.o
 .debug_macro   0x000000000001e504       0x10 ./Core/Src/actorA.o
 .debug_macro   0x000000000001e514       0x1c ./Core/Src/actorA.o
 .debug_macro   0x000000000001e530       0x8c ./Core/Src/actorA.o
 .debug_macro   0x000000000001e5bc       0x78 ./Core/Src/actorA.o
 .debug_macro   0x000000000001e634       0xee ./Core/Src/actorA.o
 .debug_macro   0x000000000001e722       0x73 ./Core/Src/actorA.o
 .debug_macro   0x000000000001e795       0x10 ./Core/Src/actorA.o
 .debug_macro   0x000000000001e7a5       0x10 ./Core/Src/actorA.o
 .debug_macro   0x000000000001e7b5      0x25d ./Core/Src/bsp.o
 .debug_macro   0x000000000001ea12      0x26d ./Core/Src/main.o
 .debug_macro   0x000000000001ec7f      0x1ed ./Core/Src/stm32f4xx_hal_msp.o
 .debug_macro   0x000000000001ee6c      0x26d ./Core/Src/stm32f4xx_it.o
 .debug_macro   0x000000000001f0d9      0x1de ./Core/Src/system_stm32f4xx.o
 .debug_macro   0x000000000001f2b7      0x2c3 ./Core/Src/util.o
 .debug_macro   0x000000000001f57a      0x10e ./Core/Src/util.o
 .debug_macro   0x000000000001f688       0x8d ./Core/Src/util.o
 .debug_macro   0x000000000001f715       0x56 ./Core/Src/util.o
 .debug_macro   0x000000000001f76b       0xa8 ./Core/Src/qf/qep_hsm.o
 .debug_macro   0x000000000001f813      0x178 ./Core/Src/qf/qep_hsm.o
 .debug_macro   0x000000000001f98b       0xe5 ./Core/Src/qf/qf_actq.o
 .debug_macro   0x000000000001fa70       0x43 ./Core/Src/qf/qf_actq.o
 .debug_macro   0x000000000001fab3       0x62 ./Core/Src/qf/qf_actq.o
 .debug_macro   0x000000000001fb15       0xde ./Core/Src/qf/qf_dyn.o
 .debug_macro   0x000000000001fbf3       0xde ./Core/Src/qf/qf_mem.o
 .debug_macro   0x000000000001fcd1       0xd5 ./Core/Src/qf/qf_qact.o
 .debug_macro   0x000000000001fda6       0xde ./Core/Src/qf/qf_qeq.o
 .debug_macro   0x000000000001fe84       0xde ./Core/Src/qf/qf_time.o
 .debug_macro   0x000000000001ff62       0xde ./Core/Src/qv/qv.o
 .debug_macro   0x0000000000020040       0xd5 ./Core/qv/gnu/qv_port.o
 .debug_macro   0x0000000000020115      0x23e ./Drivers/STM32F4xx_HAL_Driver/Src/stm32f4xx_hal.o
 .debug_macro   0x0000000000020353      0x1de ./Drivers/STM32F4xx_HAL_Driver/Src/stm32f4xx_hal_cortex.o
 .debug_macro   0x0000000000020531      0x1e4 ./Drivers/STM32F4xx_HAL_Driver/Src/stm32f4xx_hal_gpio.o
 .debug_macro   0x0000000000020715      0x225 ./Drivers/STM32F4xx_HAL_Driver/Src/stm32f4xx_hal_i2c.o
 .debug_macro   0x000000000002093a      0x202 ./Drivers/STM32F4xx_HAL_Driver/Src/stm32f4xx_hal_rcc.o
 .debug_macro   0x0000000000020b3c      0x1df ./Drivers/STM32F4xx_HAL_Driver/Src/stm32f4xx_hal_tim.o
 .debug_macro   0x0000000000020d1b      0x1de ./Drivers/STM32F4xx_HAL_Driver/Src/stm32f4xx_hal_tim_ex.o

.debug_line     0x0000000000000000    0x13497
 .debug_line    0x0000000000000000      0x95d ./Core/Src/actorA.o
 .debug_line    0x000000000000095d      0x864 ./Core/Src/bsp.o
 .debug_line    0x00000000000011c1      0x9b2 ./Core/Src/main.o
 .debug_line    0x0000000000001b73      0x815 ./Core/Src/stm32f4xx_hal_msp.o
 .debug_line    0x0000000000002388      0x8e4 ./Core/Src/stm32f4xx_it.o
 .debug_line    0x0000000000002c6c      0x7e1 ./Core/Src/system_stm32f4xx.o
 .debug_line    0x000000000000344d      0xa83 ./Core/Src/util.o
 .debug_line    0x0000000000003ed0      0x78d ./Core/Src/qf/qep_hsm.o
 .debug_line    0x000000000000465d      0x754 ./Core/Src/qf/qf_actq.o
 .debug_line    0x0000000000004db1      0x647 ./Core/Src/qf/qf_dyn.o
 .debug_line    0x00000000000053f8      0x5fb ./Core/Src/qf/qf_mem.o
 .debug_line    0x00000000000059f3      0x5f0 ./Core/Src/qf/qf_qact.o
 .debug_line    0x0000000000005fe3      0x64e ./Core/Src/qf/qf_qeq.o
 .debug_line    0x0000000000006631      0x70f ./Core/Src/qf/qf_time.o
 .debug_line    0x0000000000006d40      0x5de ./Core/Src/qv/qv.o
 .debug_line    0x000000000000731e       0x7a ./Core/Startup/startup_stm32f407zgtx.o
 .debug_line    0x0000000000007398      0x4c9 ./Core/qv/gnu/qv_port.o
 .debug_line    0x0000000000007861      0xa47 ./Drivers/STM32F4xx_HAL_Driver/Src/stm32f4xx_hal.o
 .debug_line    0x00000000000082a8      0xcf6 ./Drivers/STM32F4xx_HAL_Driver/Src/stm32f4xx_hal_cortex.o
 .debug_line    0x0000000000008f9e      0xbbb ./Drivers/STM32F4xx_HAL_Driver/Src/stm32f4xx_hal_gpio.o
 .debug_line    0x0000000000009b59     0x3a09 ./Drivers/STM32F4xx_HAL_Driver/Src/stm32f4xx_hal_i2c.o
 .debug_line    0x000000000000d562      0xdbe ./Drivers/STM32F4xx_HAL_Driver/Src/stm32f4xx_hal_rcc.o
 .debug_line    0x000000000000e320     0x3733 ./Drivers/STM32F4xx_HAL_Driver/Src/stm32f4xx_hal_tim.o
 .debug_line    0x0000000000011a53     0x1a44 ./Drivers/STM32F4xx_HAL_Driver/Src/stm32f4xx_hal_tim_ex.o

.debug_str      0x0000000000000000    0xcd123
 .debug_str     0x0000000000000000    0xc585e ./Core/Src/actorA.o
                                      0xc5b8d (size before relaxing)
 .debug_str     0x00000000000c585e       0x56 ./Core/Src/bsp.o
                                      0xc4f7c (size before relaxing)
 .debug_str     0x00000000000c58b4      0x6de ./Core/Src/main.o
                                      0xc60a9 (size before relaxing)
 .debug_str     0x00000000000c5f92       0x9b ./Core/Src/stm32f4xx_hal_msp.o
                                      0xc3e63 (size before relaxing)
 .debug_str     0x00000000000c602d       0xd8 ./Core/Src/stm32f4xx_it.o
                                      0xc51cc (size before relaxing)
 .debug_str     0x00000000000c6105       0xdb ./Core/Src/system_stm32f4xx.o
                                      0xc3454 (size before relaxing)
 .debug_str     0x00000000000c61e0     0x3275 ./Core/Src/util.o
                                      0xc6d69 (size before relaxing)
 .debug_str     0x00000000000c9455      0x451 ./Core/Src/qf/qep_hsm.o
                                       0x53a0 (size before relaxing)
 .debug_str     0x00000000000c98a6      0x631 ./Core/Src/qf/qf_actq.o
                                       0x62bc (size before relaxing)
 .debug_str     0x00000000000c9ed7       0xe3 ./Core/Src/qf/qf_dyn.o
                                       0x604f (size before relaxing)
 .debug_str     0x00000000000c9fba       0x33 ./Core/Src/qf/qf_mem.o
                                       0x5fba (size before relaxing)
 .debug_str     0x00000000000c9fed       0x68 ./Core/Src/qf/qf_qact.o
                                       0x5b30 (size before relaxing)
 .debug_str     0x00000000000ca055       0x59 ./Core/Src/qf/qf_qeq.o
                                       0x5fc0 (size before relaxing)
 .debug_str     0x00000000000ca0ae       0x98 ./Core/Src/qf/qf_time.o
                                       0x6290 (size before relaxing)
 .debug_str     0x00000000000ca146       0x66 ./Core/Src/qv/qv.o
                                       0x6284 (size before relaxing)
 .debug_str     0x00000000000ca1ac       0x34 ./Core/Startup/startup_stm32f407zgtx.o
                                         0x62 (size before relaxing)
 .debug_str     0x00000000000ca1e0       0xa9 ./Core/qv/gnu/qv_port.o
                                       0x5201 (size before relaxing)
 .debug_str     0x00000000000ca289      0xb07 ./Drivers/STM32F4xx_HAL_Driver/Src/stm32f4xx_hal.o
                                      0xc3fd8 (size before relaxing)
 .debug_str     0x00000000000cad90      0x34d ./Drivers/STM32F4xx_HAL_Driver/Src/stm32f4xx_hal_cortex.o
                                      0xc3d0b (size before relaxing)
 .debug_str     0x00000000000cb0dd       0xf8 ./Drivers/STM32F4xx_HAL_Driver/Src/stm32f4xx_hal_gpio.o
                                      0xc35cf (size before relaxing)
 .debug_str     0x00000000000cb1d5      0xae1 ./Drivers/STM32F4xx_HAL_Driver/Src/stm32f4xx_hal_i2c.o
                                      0xc441f (size before relaxing)
 .debug_str     0x00000000000cbcb6      0x213 ./Drivers/STM32F4xx_HAL_Driver/Src/stm32f4xx_hal_rcc.o
                                      0xc3888 (size before relaxing)
 .debug_str     0x00000000000cbec9      0xdc7 ./Drivers/STM32F4xx_HAL_Driver/Src/stm32f4xx_hal_tim.o
                                      0xc47ce (size before relaxing)
 .debug_str     0x00000000000ccc90      0x493 ./Drivers/STM32F4xx_HAL_Driver/Src/stm32f4xx_hal_tim_ex.o
                                      0xc3fea (size before relaxing)

.debug_frame    0x0000000000000000     0x3f34
 .debug_frame   0x0000000000000000       0x80 ./Core/Src/actorA.o
 .debug_frame   0x0000000000000080       0xb8 ./Core/Src/bsp.o
 .debug_frame   0x0000000000000138       0xd8 ./Core/Src/main.o
 .debug_frame   0x0000000000000210       0xf4 ./Core/Src/stm32f4xx_hal_msp.o
 .debug_frame   0x0000000000000304      0x104 ./Core/Src/stm32f4xx_it.o
 .debug_frame   0x0000000000000408       0x58 ./Core/Src/system_stm32f4xx.o
 .debug_frame   0x0000000000000460      0x164 ./Core/Src/util.o
 .debug_frame   0x00000000000005c4      0x13c ./Core/Src/qf/qep_hsm.o
 .debug_frame   0x0000000000000700      0x17c ./Core/Src/qf/qf_actq.o
 .debug_frame   0x000000000000087c      0x108 ./Core/Src/qf/qf_dyn.o
 .debug_frame   0x0000000000000984       0x7c ./Core/Src/qf/qf_mem.o
 .debug_frame   0x0000000000000a00       0xa4 ./Core/Src/qf/qf_qact.o
 .debug_frame   0x0000000000000aa4       0xa4 ./Core/Src/qf/qf_qeq.o
 .debug_frame   0x0000000000000b48      0x140 ./Core/Src/qf/qf_time.o
 .debug_frame   0x0000000000000c88      0x104 ./Core/Src/qv/qv.o
 .debug_frame   0x0000000000000d8c       0x38 ./Core/qv/gnu/qv_port.o
 .debug_frame   0x0000000000000dc4      0x374 ./Drivers/STM32F4xx_HAL_Driver/Src/stm32f4xx_hal.o
 .debug_frame   0x0000000000001138      0x498 ./Drivers/STM32F4xx_HAL_Driver/Src/stm32f4xx_hal_cortex.o
 .debug_frame   0x00000000000015d0      0x14c ./Drivers/STM32F4xx_HAL_Driver/Src/stm32f4xx_hal_gpio.o
 .debug_frame   0x000000000000171c      0xc5c ./Drivers/STM32F4xx_HAL_Driver/Src/stm32f4xx_hal_i2c.o
 .debug_frame   0x0000000000002378      0x1f4 ./Drivers/STM32F4xx_HAL_Driver/Src/stm32f4xx_hal_rcc.o
 .debug_frame   0x000000000000256c     0x11c4 ./Drivers/STM32F4xx_HAL_Driver/Src/stm32f4xx_hal_tim.o
 .debug_frame   0x0000000000003730      0x638 ./Drivers/STM32F4xx_HAL_Driver/Src/stm32f4xx_hal_tim_ex.o
 .debug_frame   0x0000000000003d68       0x20 C:/ST/STM32CubeIDE_1.13.2/STM32CubeIDE/plugins/com.st.stm32cube.ide.mcu.externaltools.gnu-tools-for-stm32.11.3.rel1.win32_1.1.1.202309131626/tools/bin/../lib/gcc/arm-none-eabi/11.3.1/../../../../arm-none-eabi/lib/thumb/v7e-m+fp/hard\libc_nano.a(libc_a-memset.o)
 .debug_frame   0x0000000000003d88       0x2c C:/ST/STM32CubeIDE_1.13.2/STM32CubeIDE/plugins/com.st.stm32cube.ide.mcu.externaltools.gnu-tools-for-stm32.11.3.rel1.win32_1.1.1.202309131626/tools/bin/../lib/gcc/arm-none-eabi/11.3.1/../../../../arm-none-eabi/lib/thumb/v7e-m+fp/hard\libc_nano.a(libc_a-init.o)
 .debug_frame   0x0000000000003db4       0xac C:/ST/STM32CubeIDE_1.13.2/STM32CubeIDE/plugins/com.st.stm32cube.ide.mcu.externaltools.gnu-tools-for-stm32.11.3.rel1.win32_1.1.1.202309131626/tools/bin/../lib/gcc/arm-none-eabi/11.3.1/thumb/v7e-m+fp/hard\libgcc.a(_arm_addsubdf3.o)
 .debug_frame   0x0000000000003e60       0x50 C:/ST/STM32CubeIDE_1.13.2/STM32CubeIDE/plugins/com.st.stm32cube.ide.mcu.externaltools.gnu-tools-for-stm32.11.3.rel1.win32_1.1.1.202309131626/tools/bin/../lib/gcc/arm-none-eabi/11.3.1/thumb/v7e-m+fp/hard\libgcc.a(_arm_muldivdf3.o)
 .debug_frame   0x0000000000003eb0       0x24 C:/ST/STM32CubeIDE_1.13.2/STM32CubeIDE/plugins/com.st.stm32cube.ide.mcu.externaltools.gnu-tools-for-stm32.11.3.rel1.win32_1.1.1.202309131626/tools/bin/../lib/gcc/arm-none-eabi/11.3.1/thumb/v7e-m+fp/hard\libgcc.a(_arm_fixdfsi.o)
 .debug_frame   0x0000000000003ed4       0x2c C:/ST/STM32CubeIDE_1.13.2/STM32CubeIDE/plugins/com.st.stm32cube.ide.mcu.externaltools.gnu-tools-for-stm32.11.3.rel1.win32_1.1.1.202309131626/tools/bin/../lib/gcc/arm-none-eabi/11.3.1/thumb/v7e-m+fp/hard\libgcc.a(_aeabi_uldivmod.o)
 .debug_frame   0x0000000000003f00       0x34 C:/ST/STM32CubeIDE_1.13.2/STM32CubeIDE/plugins/com.st.stm32cube.ide.mcu.externaltools.gnu-tools-for-stm32.11.3.rel1.win32_1.1.1.202309131626/tools/bin/../lib/gcc/arm-none-eabi/11.3.1/thumb/v7e-m+fp/hard\libgcc.a(_udivmoddi4.o)

.debug_line_str
                0x0000000000000000       0x56
 .debug_line_str
                0x0000000000000000       0x56 ./Core/Startup/startup_stm32f407zgtx.o
                                         0x6e (size before relaxing)
